
Discarded input sections

 .data          0x0000000000000000        0x0 ./Core/Src/main.o
 .bss           0x0000000000000000        0x0 ./Core/Src/main.o

Memory Configuration

Name             Origin             Length             Attributes
RAM              0x0000000020000000 0x0000000000020000 xrw
FLASH            0x0000000008000000 0x0000000000080000 xr
*default*        0x0000000000000000 0xffffffffffffffff

Linker script and memory map

LOAD ./Core/Src/main.o
START GROUP
LOAD d:/minor/stm32cubeide_1.10.1/stm32cubeide/plugins/com.st.stm32cube.ide.mcu.externaltools.gnu-tools-for-stm32.10.3-2021.10.win32_1.0.0.202111181127/tools/bin/../lib/gcc/arm-none-eabi/10.3.1/../../../../arm-none-eabi/lib/thumb/v7e-m+fp/hard\libc_nano.a
LOAD d:/minor/stm32cubeide_1.10.1/stm32cubeide/plugins/com.st.stm32cube.ide.mcu.externaltools.gnu-tools-for-stm32.10.3-2021.10.win32_1.0.0.202111181127/tools/bin/../lib/gcc/arm-none-eabi/10.3.1/../../../../arm-none-eabi/lib/thumb/v7e-m+fp/hard\libm.a
END GROUP

.text           0x0000000008000000       0x38
                0x0000000008000000                . = ALIGN (0x4)
 *(.text)
 .text          0x0000000008000000       0x38 ./Core/Src/main.o
                0x0000000008000000                main

.glue_7         0x0000000008000038        0x0
 .glue_7        0x0000000008000038        0x0 linker stubs

.glue_7t        0x0000000008000038        0x0
 .glue_7t       0x0000000008000038        0x0 linker stubs

.vfp11_veneer   0x0000000008000038        0x0
 .vfp11_veneer  0x0000000008000038        0x0 linker stubs

.v4_bx          0x0000000008000038        0x0
 .v4_bx         0x0000000008000038        0x0 linker stubs

.data           0x0000000020000000        0x0 load address 0x0000000008000038
                0x0000000020000000                . = ALIGN (0x4)
 *(.data)
OUTPUT(opdr_1_5.elf elf32-littlearm)
LOAD linker stubs

.ARM.attributes
                0x0000000000000000       0x25
 .ARM.attributes
                0x0000000000000000       0x25 ./Core/Src/main.o

.debug_line     0x0000000000000000       0x4b
 .debug_line    0x0000000000000000       0x4b ./Core/Src/main.o

.debug_info     0x0000000000000000       0x26
 .debug_info    0x0000000000000000       0x26 ./Core/Src/main.o

.debug_abbrev   0x0000000000000000       0x14
 .debug_abbrev  0x0000000000000000       0x14 ./Core/Src/main.o

.debug_aranges  0x0000000000000000       0x20
 .debug_aranges
                0x0000000000000000       0x20 ./Core/Src/main.o

.debug_str      0x0000000000000000       0x52
 .debug_str     0x0000000000000000       0x52 ./Core/Src/main.o
