Archive member included to satisfy reference by file (symbol)

d:/minor/stm32cubeide_1.10.1/stm32cubeide/plugins/com.st.stm32cube.ide.mcu.externaltools.gnu-tools-for-stm32.10.3-2021.10.win32_1.0.0.202111181127/tools/bin/../lib/gcc/arm-none-eabi/10.3.1/../../../../arm-none-eabi/lib/thumb/v7e-m+fp/hard\librdimon_nano.a(rdimon-syscalls.o)
                              d:/minor/stm32cubeide_1.10.1/stm32cubeide/plugins/com.st.stm32cube.ide.mcu.externaltools.gnu-tools-for-stm32.10.3-2021.10.win32_1.0.0.202111181127/tools/bin/../lib/gcc/arm-none-eabi/10.3.1/../../../../arm-none-eabi/lib/thumb/v7e-m+fp/hard/rdimon-crt0.o (initialise_monitor_handles)
d:/minor/stm32cubeide_1.10.1/stm32cubeide/plugins/com.st.stm32cube.ide.mcu.externaltools.gnu-tools-for-stm32.10.3-2021.10.win32_1.0.0.202111181127/tools/bin/../lib/gcc/arm-none-eabi/10.3.1/../../../../arm-none-eabi/lib/thumb/v7e-m+fp/hard\libc_nano.a(lib_a-errno.o)
                              d:/minor/stm32cubeide_1.10.1/stm32cubeide/plugins/com.st.stm32cube.ide.mcu.externaltools.gnu-tools-for-stm32.10.3-2021.10.win32_1.0.0.202111181127/tools/bin/../lib/gcc/arm-none-eabi/10.3.1/../../../../arm-none-eabi/lib/thumb/v7e-m+fp/hard\librdimon_nano.a(rdimon-syscalls.o) (__errno)
d:/minor/stm32cubeide_1.10.1/stm32cubeide/plugins/com.st.stm32cube.ide.mcu.externaltools.gnu-tools-for-stm32.10.3-2021.10.win32_1.0.0.202111181127/tools/bin/../lib/gcc/arm-none-eabi/10.3.1/../../../../arm-none-eabi/lib/thumb/v7e-m+fp/hard\libc_nano.a(lib_a-exit.o)
                              d:/minor/stm32cubeide_1.10.1/stm32cubeide/plugins/com.st.stm32cube.ide.mcu.externaltools.gnu-tools-for-stm32.10.3-2021.10.win32_1.0.0.202111181127/tools/bin/../lib/gcc/arm-none-eabi/10.3.1/../../../../arm-none-eabi/lib/thumb/v7e-m+fp/hard/rdimon-crt0.o (exit)
d:/minor/stm32cubeide_1.10.1/stm32cubeide/plugins/com.st.stm32cube.ide.mcu.externaltools.gnu-tools-for-stm32.10.3-2021.10.win32_1.0.0.202111181127/tools/bin/../lib/gcc/arm-none-eabi/10.3.1/../../../../arm-none-eabi/lib/thumb/v7e-m+fp/hard\libc_nano.a(lib_a-fflush.o)
                              ./Core/Src/main.o (fflush)
d:/minor/stm32cubeide_1.10.1/stm32cubeide/plugins/com.st.stm32cube.ide.mcu.externaltools.gnu-tools-for-stm32.10.3-2021.10.win32_1.0.0.202111181127/tools/bin/../lib/gcc/arm-none-eabi/10.3.1/../../../../arm-none-eabi/lib/thumb/v7e-m+fp/hard\libc_nano.a(lib_a-findfp.o)
                              d:/minor/stm32cubeide_1.10.1/stm32cubeide/plugins/com.st.stm32cube.ide.mcu.externaltools.gnu-tools-for-stm32.10.3-2021.10.win32_1.0.0.202111181127/tools/bin/../lib/gcc/arm-none-eabi/10.3.1/../../../../arm-none-eabi/lib/thumb/v7e-m+fp/hard\librdimon_nano.a(rdimon-syscalls.o) (__sinit)
d:/minor/stm32cubeide_1.10.1/stm32cubeide/plugins/com.st.stm32cube.ide.mcu.externaltools.gnu-tools-for-stm32.10.3-2021.10.win32_1.0.0.202111181127/tools/bin/../lib/gcc/arm-none-eabi/10.3.1/../../../../arm-none-eabi/lib/thumb/v7e-m+fp/hard\libc_nano.a(lib_a-fwalk.o)
                              d:/minor/stm32cubeide_1.10.1/stm32cubeide/plugins/com.st.stm32cube.ide.mcu.externaltools.gnu-tools-for-stm32.10.3-2021.10.win32_1.0.0.202111181127/tools/bin/../lib/gcc/arm-none-eabi/10.3.1/../../../../arm-none-eabi/lib/thumb/v7e-m+fp/hard\libc_nano.a(lib_a-findfp.o) (_fwalk)
d:/minor/stm32cubeide_1.10.1/stm32cubeide/plugins/com.st.stm32cube.ide.mcu.externaltools.gnu-tools-for-stm32.10.3-2021.10.win32_1.0.0.202111181127/tools/bin/../lib/gcc/arm-none-eabi/10.3.1/../../../../arm-none-eabi/lib/thumb/v7e-m+fp/hard\libc_nano.a(lib_a-impure.o)
                              d:/minor/stm32cubeide_1.10.1/stm32cubeide/plugins/com.st.stm32cube.ide.mcu.externaltools.gnu-tools-for-stm32.10.3-2021.10.win32_1.0.0.202111181127/tools/bin/../lib/gcc/arm-none-eabi/10.3.1/../../../../arm-none-eabi/lib/thumb/v7e-m+fp/hard\libc_nano.a(lib_a-exit.o) (_global_impure_ptr)
d:/minor/stm32cubeide_1.10.1/stm32cubeide/plugins/com.st.stm32cube.ide.mcu.externaltools.gnu-tools-for-stm32.10.3-2021.10.win32_1.0.0.202111181127/tools/bin/../lib/gcc/arm-none-eabi/10.3.1/../../../../arm-none-eabi/lib/thumb/v7e-m+fp/hard\libc_nano.a(lib_a-init.o)
                              d:/minor/stm32cubeide_1.10.1/stm32cubeide/plugins/com.st.stm32cube.ide.mcu.externaltools.gnu-tools-for-stm32.10.3-2021.10.win32_1.0.0.202111181127/tools/bin/../lib/gcc/arm-none-eabi/10.3.1/../../../../arm-none-eabi/lib/thumb/v7e-m+fp/hard/rdimon-crt0.o (__libc_init_array)
d:/minor/stm32cubeide_1.10.1/stm32cubeide/plugins/com.st.stm32cube.ide.mcu.externaltools.gnu-tools-for-stm32.10.3-2021.10.win32_1.0.0.202111181127/tools/bin/../lib/gcc/arm-none-eabi/10.3.1/../../../../arm-none-eabi/lib/thumb/v7e-m+fp/hard\libc_nano.a(lib_a-lock.o)
[...]
Memory Configuration

Name             Origin             Length             Attributes
RAM              0x0000000020000000 0x0000000000020000 xrw
FLASH            0x0000000008000000 0x0000000000080000 xr
*default*        0x0000000000000000 0xffffffffffffffff

Linker script and memory map

LOAD d:/minor/stm32cubeide_1.10.1/stm32cubeide/plugins/com.st.stm32cube.ide.mcu.externaltools.gnu-tools-for-stm32.10.3-2021.10.win32_1.0.0.202111181127/tools/bin/../lib/gcc/arm-none-eabi/10.3.1/thumb/v7e-m+fp/hard/crti.o
LOAD d:/minor/stm32cubeide_1.10.1/stm32cubeide/plugins/com.st.stm32cube.ide.mcu.externaltools.gnu-tools-for-stm32.10.3-2021.10.win32_1.0.0.202111181127/tools/bin/../lib/gcc/arm-none-eabi/10.3.1/thumb/v7e-m+fp/hard/crtbegin.o
LOAD d:/minor/stm32cubeide_1.10.1/stm32cubeide/plugins/com.st.stm32cube.ide.mcu.externaltools.gnu-tools-for-stm32.10.3-2021.10.win32_1.0.0.202111181127/tools/bin/../lib/gcc/arm-none-eabi/10.3.1/../../../../arm-none-eabi/lib/thumb/v7e-m+fp/hard/rdimon-crt0.o
LOAD ./Core/Src/freertos.o
LOAD ./Core/Src/main.o
LOAD ./Core/Src/stm32f4xx_hal_msp.o
LOAD ./Core/Src/stm32f4xx_hal_timebase_tim.o
LOAD ./Core/Src/stm32f4xx_it.o
LOAD ./Core/Src/system_init.o
LOAD ./Core/Src/system_stm32f4xx.o
LOAD ./Core/Startup/startup_stm32f411vetx.o
LOAD ./Drivers/STM32F4xx_HAL_Driver/Src/stm32f4xx_hal.o
LOAD ./Drivers/STM32F4xx_HAL_Driver/Src/stm32f4xx_hal_cortex.o
LOAD ./Drivers/STM32F4xx_HAL_Driver/Src/stm32f4xx_hal_dma.o
LOAD ./Drivers/STM32F4xx_HAL_Driver/Src/stm32f4xx_hal_dma_ex.o
LOAD ./Drivers/STM32F4xx_HAL_Driver/Src/stm32f4xx_hal_exti.o
LOAD ./Drivers/STM32F4xx_HAL_Driver/Src/stm32f4xx_hal_flash.o
LOAD ./Drivers/STM32F4xx_HAL_Driver/Src/stm32f4xx_hal_flash_ex.o
LOAD ./Drivers/STM32F4xx_HAL_Driver/Src/stm32f4xx_hal_flash_ramfunc.o
LOAD ./Drivers/STM32F4xx_HAL_Driver/Src/stm32f4xx_hal_gpio.o
LOAD ./Drivers/STM32F4xx_HAL_Driver/Src/stm32f4xx_hal_pwr.o
LOAD ./Drivers/STM32F4xx_HAL_Driver/Src/stm32f4xx_hal_pwr_ex.o
LOAD ./Drivers/STM32F4xx_HAL_Driver/Src/stm32f4xx_hal_rcc.o
LOAD ./Drivers/STM32F4xx_HAL_Driver/Src/stm32f4xx_hal_rcc_ex.o
LOAD ./Drivers/STM32F4xx_HAL_Driver/Src/stm32f4xx_hal_tim.o
LOAD ./Drivers/STM32F4xx_HAL_Driver/Src/stm32f4xx_hal_tim_ex.o
LOAD ./Middlewares/Third_Party/FreeRTOS/Source/CMSIS_RTOS_V2/cmsis_os2.o
LOAD ./Middlewares/Third_Party/FreeRTOS/Source/croutine.o
LOAD ./Middlewares/Third_Party/FreeRTOS/Source/event_groups.o
LOAD ./Middlewares/Third_Party/FreeRTOS/Source/list.o
LOAD ./Middlewares/Third_Party/FreeRTOS/Source/queue.o
LOAD ./Middlewares/Third_Party/FreeRTOS/Source/stream_buffer.o
LOAD ./Middlewares/Third_Party/FreeRTOS/Source/tasks.o
LOAD ./Middlewares/Third_Party/FreeRTOS/Source/timers.o
LOAD ./Middlewares/Third_Party/FreeRTOS/Source/portable/GCC/ARM_CM4F/port.o
LOAD ./Middlewares/Third_Party/FreeRTOS/Source/portable/MemMang/heap_4.o
LOAD ./Middlewares/Third_Party/Lab-Project-FreeRTOS-POSIX-master/FreeRTOS-Plus-POSIX/source/FreeRTOS_POSIX_clock.o
LOAD ./Middlewares/Third_Party/Lab-Project-FreeRTOS-POSIX-master/FreeRTOS-Plus-POSIX/source/FreeRTOS_POSIX_mqueue.o
LOAD ./Middlewares/Third_Party/Lab-Project-FreeRTOS-POSIX-master/FreeRTOS-Plus-POSIX/source/FreeRTOS_POSIX_pthread.o
LOAD ./Middlewares/Third_Party/Lab-Project-FreeRTOS-POSIX-master/FreeRTOS-Plus-POSIX/source/FreeRTOS_POSIX_pthread_barrier.o
LOAD ./Middlewares/Third_Party/Lab-Project-FreeRTOS-POSIX-master/FreeRTOS-Plus-POSIX/source/FreeRTOS_POSIX_pthread_cond.o
LOAD ./Middlewares/Third_Party/Lab-Project-FreeRTOS-POSIX-master/FreeRTOS-Plus-POSIX/source/FreeRTOS_POSIX_pthread_mutex.o
LOAD ./Middlewares/Third_Party/Lab-Project-FreeRTOS-POSIX-master/FreeRTOS-Plus-POSIX/source/FreeRTOS_POSIX_sched.o
LOAD ./Middlewares/Third_Party/Lab-Project-FreeRTOS-POSIX-master/FreeRTOS-Plus-POSIX/source/FreeRTOS_POSIX_semaphore.o
LOAD ./Middlewares/Third_Party/Lab-Project-FreeRTOS-POSIX-master/FreeRTOS-Plus-POSIX/source/FreeRTOS_POSIX_timer.o
LOAD ./Middlewares/Third_Party/Lab-Project-FreeRTOS-POSIX-master/FreeRTOS-Plus-POSIX/source/FreeRTOS_POSIX_unistd.o
LOAD ./Middlewares/Third_Party/Lab-Project-FreeRTOS-POSIX-master/FreeRTOS-Plus-POSIX/source/FreeRTOS_POSIX_utils.o
LOAD d:/minor/stm32cubeide_1.10.1/stm32cubeide/plugins/com.st.stm32cube.ide.mcu.externaltools.gnu-tools-for-stm32.10.3-2021.10.win32_1.0.0.202111181127/tools/bin/../lib/gcc/arm-none-eabi/10.3.1/../../../../arm-none-eabi/lib/thumb/v7e-m+fp/hard\librdimon_nano.a
START GROUP
LOAD d:/minor/stm32cubeide_1.10.1/stm32cubeide/plugins/com.st.stm32cube.ide.mcu.externaltools.gnu-tools-for-stm32.10.3-2021.10.win32_1.0.0.202111181127/tools/bin/../lib/gcc/arm-none-eabi/10.3.1/../../../../arm-none-eabi/lib/thumb/v7e-m+fp/hard\libc_nano.a
LOAD d:/minor/stm32cubeide_1.10.1/stm32cubeide/plugins/com.st.stm32cube.ide.mcu.externaltools.gnu-tools-for-stm32.10.3-2021.10.win32_1.0.0.202111181127/tools/bin/../lib/gcc/arm-none-eabi/10.3.1/../../../../arm-none-eabi/lib/thumb/v7e-m+fp/hard\libm.a
END GROUP
START GROUP
LOAD d:/minor/stm32cubeide_1.10.1/stm32cubeide/plugins/com.st.stm32cube.ide.mcu.externaltools.gnu-tools-for-stm32.10.3-2021.10.win32_1.0.0.202111181127/tools/bin/../lib/gcc/arm-none-eabi/10.3.1/thumb/v7e-m+fp/hard\libgcc.a
LOAD d:/minor/stm32cubeide_1.10.1/stm32cubeide/plugins/com.st.stm32cube.ide.mcu.externaltools.gnu-tools-for-stm32.10.3-2021.10.win32_1.0.0.202111181127/tools/bin/../lib/gcc/arm-none-eabi/10.3.1/../../../../arm-none-eabi/lib/thumb/v7e-m+fp/hard\libc_nano.a
END GROUP
START GROUP
LOAD d:/minor/stm32cubeide_1.10.1/stm32cubeide/plugins/com.st.stm32cube.ide.mcu.externaltools.gnu-tools-for-stm32.10.3-2021.10.win32_1.0.0.202111181127/tools/bin/../lib/gcc/arm-none-eabi/10.3.1/thumb/v7e-m+fp/hard\libgcc.a
LOAD d:/minor/stm32cubeide_1.10.1/stm32cubeide/plugins/com.st.stm32cube.ide.mcu.externaltools.gnu-tools-for-stm32.10.3-2021.10.win32_1.0.0.202111181127/tools/bin/../lib/gcc/arm-none-eabi/10.3.1/../../../../arm-none-eabi/lib/thumb/v7e-m+fp/hard\libc_nano.a
LOAD d:/minor/stm32cubeide_1.10.1/stm32cubeide/plugins/com.st.stm32cube.ide.mcu.externaltools.gnu-tools-for-stm32.10.3-2021.10.win32_1.0.0.202111181127/tools/bin/../lib/gcc/arm-none-eabi/10.3.1/../../../../arm-none-eabi/lib/thumb/v7e-m+fp/hard\libnosys.a
END GROUP
START GROUP
LOAD d:/minor/stm32cubeide_1.10.1/stm32cubeide/plugins/com.st.stm32cube.ide.mcu.externaltools.gnu-tools-for-stm32.10.3-2021.10.win32_1.0.0.202111181127/tools/bin/../lib/gcc/arm-none-eabi/10.3.1/thumb/v7e-m+fp/hard\libgcc.a
LOAD d:/minor/stm32cubeide_1.10.1/stm32cubeide/plugins/com.st.stm32cube.ide.mcu.externaltools.gnu-tools-for-stm32.10.3-2021.10.win32_1.0.0.202111181127/tools/bin/../lib/gcc/arm-none-eabi/10.3.1/../../../../arm-none-eabi/lib/thumb/v7e-m+fp/hard\libc_nano.a
LOAD d:/minor/stm32cubeide_1.10.1/stm32cubeide/plugins/com.st.stm32cube.ide.mcu.externaltools.gnu-tools-for-stm32.10.3-2021.10.win32_1.0.0.202111181127/tools/bin/../lib/gcc/arm-none-eabi/10.3.1/../../../../arm-none-eabi/lib/thumb/v7e-m+fp/hard\librdimon_nano.a
END GROUP
START GROUP
LOAD d:/minor/stm32cubeide_1.10.1/stm32cubeide/plugins/com.st.stm32cube.ide.mcu.externaltools.gnu-tools-for-stm32.10.3-2021.10.win32_1.0.0.202111181127/tools/bin/../lib/gcc/arm-none-eabi/10.3.1/thumb/v7e-m+fp/hard\libgcc.a
LOAD d:/minor/stm32cubeide_1.10.1/stm32cubeide/plugins/com.st.stm32cube.ide.mcu.externaltools.gnu-tools-for-stm32.10.3-2021.10.win32_1.0.0.202111181127/tools/bin/../lib/gcc/arm-none-eabi/10.3.1/../../../../arm-none-eabi/lib/thumb/v7e-m+fp/hard\libc_nano.a
LOAD d:/minor/stm32cubeide_1.10.1/stm32cubeide/plugins/com.st.stm32cube.ide.mcu.externaltools.gnu-tools-for-stm32.10.3-2021.10.win32_1.0.0.202111181127/tools/bin/../lib/gcc/arm-none-eabi/10.3.1/../../../../arm-none-eabi/lib/thumb/v7e-m+fp/hard\librdimon_nano.a
LOAD d:/minor/stm32cubeide_1.10.1/stm32cubeide/plugins/com.st.stm32cube.ide.mcu.externaltools.gnu-tools-for-stm32.10.3-2021.10.win32_1.0.0.202111181127/tools/bin/../lib/gcc/arm-none-eabi/10.3.1/../../../../arm-none-eabi/lib/thumb/v7e-m+fp/hard\libnosys.a
END GROUP
LOAD d:/minor/stm32cubeide_1.10.1/stm32cubeide/plugins/com.st.stm32cube.ide.mcu.externaltools.gnu-tools-for-stm32.10.3-2021.10.win32_1.0.0.202111181127/tools/bin/../lib/gcc/arm-none-eabi/10.3.1/thumb/v7e-m+fp/hard/crtend.o
LOAD d:/minor/stm32cubeide_1.10.1/stm32cubeide/plugins/com.st.stm32cube.ide.mcu.externaltools.gnu-tools-for-stm32.10.3-2021.10.win32_1.0.0.202111181127/tools/bin/../lib/gcc/arm-none-eabi/10.3.1/thumb/v7e-m+fp/hard/crtn.o
                0x0000000020020000                _estack = (ORIGIN (RAM) + LENGTH (RAM))
                0x0000000000000200                _Min_Heap_Size = 0x200
                0x0000000000000400                _Min_Stack_Size = 0x400

.isr_vector     0x0000000008000000      0x198
                0x0000000008000000                . = ALIGN (0x4)
 *(.isr_vector)
 .isr_vector    0x0000000008000000      0x198 ./Core/Startup/startup_stm32f411vetx.o
                0x0000000008000000                g_pfnVectors
                0x0000000008000198                . = ALIGN (0x4)

.text           0x00000000080001a0     0x9388
                0x00000000080001a0                . = ALIGN (0x4)
 *(.text)
 .text          0x00000000080001a0       0x40 d:/minor/stm32cubeide_1.10.1/stm32cubeide/plugins/com.st.stm32cube.ide.mcu.externaltools.gnu-tools-for-stm32.10.3-2021.10.win32_1.0.0.202111181127/tools/bin/../lib/gcc/arm-none-eabi/10.3.1/thumb/v7e-m+fp/hard/crtbegin.o
 .text          0x00000000080001e0       0x14 d:/minor/stm32cubeide_1.10.1/stm32cubeide/plugins/com.st.stm32cube.ide.mcu.externaltools.gnu-tools-for-stm32.10.3-2021.10.win32_1.0.0.202111181127/tools/bin/../lib/gcc/arm-none-eabi/10.3.1/../../../../arm-none-eabi/lib/thumb/v7e-m+fp/hard\libc_nano.a(lib_a-strcmp.o)
                0x00000000080001e0                strcmp
 .text          0x00000000080001f4       0x10 d:/minor/stm32cubeide_1.10.1/stm32cubeide/plugins/com.st.stm32cube.ide.mcu.externaltools.gnu-tools-for-stm32.10.3-2021.10.win32_1.0.0.202111181127/tools/bin/../lib/gcc/arm-none-eabi/10.3.1/../../../../arm-none-eabi/lib/thumb/v7e-m+fp/hard\libc_nano.a(lib_a-strlen.o)
                0x00000000080001f4                strlen
 *fill*         0x0000000008000204        0xc 
 .text          0x0000000008000210       0xa0 d:/minor/stm32cubeide_1.10.1/stm32cubeide/plugins/com.st.stm32cube.ide.mcu.externaltools.gnu-tools-for-stm32.10.3-2021.10.win32_1.0.0.202111181127/tools/bin/../lib/gcc/arm-none-eabi/10.3.1/../../../../arm-none-eabi/lib/thumb/v7e-m+fp/hard\libc_nano.a(lib_a-memchr.o)
                0x0000000008000210                memchr
 .text          0x00000000080002b0       0xa0 d:/minor/stm32cubeide_1.10.1/stm32cubeide/plugins/com.st.stm32cube.ide.mcu.externaltools.gnu-tools-for-stm32.10.3-2021.10.win32_1.0.0.202111181127/tools/bin/../lib/gcc/arm-none-eabi/10.3.1/thumb/v7e-m+fp/hard\libgcc.a(_aeabi_ldivmod.o)
                0x00000000080002b0                __aeabi_ldivmod
 .text          0x0000000008000350       0x30 d:/minor/stm32cubeide_1.10.1/stm32cubeide/plugins/com.st.stm32cube.ide.mcu.externaltools.gnu-tools-for-stm32.10.3-2021.10.win32_1.0.0.202111181127/tools/bin/../lib/gcc/arm-none-eabi/10.3.1/thumb/v7e-m+fp/hard\libgcc.a(_aeabi_uldivmod.o)
                0x0000000008000350                __aeabi_uldivmod
 .text          0x0000000008000380      0x2d0 d:/minor/stm32cubeide_1.10.1/stm32cubeide/plugins/com.st.stm32cube.ide.mcu.externaltools.gnu-tools-for-stm32.10.3-2021.10.win32_1.0.0.202111181127/tools/bin/../lib/gcc/arm-none-eabi/10.3.1/thumb/v7e-m+fp/hard\libgcc.a(_udivmoddi4.o)
                0x0000000008000380                __udivmoddi4
 .text          0x0000000008000650        0x4 d:/minor/stm32cubeide_1.10.1/stm32cubeide/plugins/com.st.stm32cube.ide.mcu.externaltools.gnu-tools-for-stm32.10.3-2021.10.win32_1.0.0.202111181127/tools/bin/../lib/gcc/arm-none-eabi/10.3.1/thumb/v7e-m+fp/hard\libgcc.a(_dvmd_tls.o)
                0x0000000008000650                __aeabi_idiv0
                0x0000000008000650                __aeabi_ldiv0
 *(.text*)
 .text.check_errno
                0x0000000008000654       0x24 ./Core/Src/main.o
                0x0000000008000654                check_errno
 .text.check    0x0000000008000678       0x2c ./Core/Src/main.o
                0x0000000008000678                check
 .text.producer
                0x00000000080006a4       0x9c ./Core/Src/main.o
                0x00000000080006a4                producer
 .text.consumer
                0x0000000008000740       0xcc ./Core/Src/main.o
                0x0000000008000740                consumer
 .text.read_prio
                0x000000000800080c       0x60 ./Core/Src/main.o
                0x000000000800080c                read_prio
 .text.main_thread
                0x000000000800086c      0x2d8 ./Core/Src/main.o
                0x000000000800086c                main_thread
 .text.main     0x0000000008000b44       0xbc ./Core/Src/main.o
                0x0000000008000b44                main
 .text.HAL_MspInit
                0x0000000008000c00       0x58 ./Core/Src/stm32f4xx_hal_msp.o
                0x0000000008000c00                HAL_MspInit
 .text.HAL_InitTick
                0x0000000008000c58       0xb4 ./Core/Src/stm32f4xx_hal_timebase_tim.o
                0x0000000008000c58                HAL_InitTick
 .text.NMI_Handler
                0x0000000008000d0c        0x6 ./Core/Src/stm32f4xx_it.o
                0x0000000008000d0c                NMI_Handler
 .text.HardFault_Handler
                0x0000000008000d12        0x6 ./Core/Src/stm32f4xx_it.o
                0x0000000008000d12                HardFault_Handler
 .text.MemManage_Handler
                0x0000000008000d18        0x6 ./Core/Src/stm32f4xx_it.o
                0x0000000008000d18                MemManage_Handler
 .text.BusFault_Handler
                0x0000000008000d1e        0x6 ./Core/Src/stm32f4xx_it.o
                0x0000000008000d1e                BusFault_Handler
 .text.UsageFault_Handler
                0x0000000008000d24        0x6 ./Core/Src/stm32f4xx_it.o
                0x0000000008000d24                UsageFault_Handler
 .text.DebugMon_Handler
                0x0000000008000d2a        0xe ./Core/Src/stm32f4xx_it.o
                0x0000000008000d2a                DebugMon_Handler
 .text.TIM1_UP_TIM10_IRQHandler
                0x0000000008000d38       0x14 ./Core/Src/stm32f4xx_it.o
                0x0000000008000d38                TIM1_UP_TIM10_IRQHandler
 .text.Board_Init
                0x0000000008000d4c       0x18 ./Core/Src/system_init.o
                0x0000000008000d4c                Board_Init
 .text._sbrk    0x0000000008000d64       0x40 ./Core/Src/system_init.o
                0x0000000008000d64                _sbrk
 .text.SystemClock_Config
                0x0000000008000da4       0xd4 ./Core/Src/system_init.o
 .text.MX_GPIO_Init
                0x0000000008000e78      0x2bc ./Core/Src/system_init.o
 .text.HAL_TIM_PeriodElapsedCallback
                0x0000000008001134       0x24 ./Core/Src/system_init.o
                0x0000000008001134                HAL_TIM_PeriodElapsedCallback
 .text.Error_Handler
                0x0000000008001158        0xa ./Core/Src/system_init.o
                0x0000000008001158                Error_Handler
 *fill*         0x0000000008001162        0x2 
 .text.SystemInit
                0x0000000008001164       0x24 ./Core/Src/system_stm32f4xx.o
                0x0000000008001164                SystemInit
 .text.Reset_Handler
                0x0000000008001188       0x50 ./Core/Startup/startup_stm32f411vetx.o
                0x0000000008001188                Reset_Handler
 .text.Default_Handler
                0x00000000080011d8        0x2 ./Core/Startup/startup_stm32f411vetx.o
                0x00000000080011d8                RTC_Alarm_IRQHandler
                0x00000000080011d8                EXTI2_IRQHandler
                0x00000000080011d8                SPI4_IRQHandler
                0x00000000080011d8                TIM1_CC_IRQHandler
                0x00000000080011d8                DMA2_Stream5_IRQHandler
                0x00000000080011d8                DMA1_Stream5_IRQHandler
                0x00000000080011d8                PVD_IRQHandler
                0x00000000080011d8                SDIO_IRQHandler
                0x00000000080011d8                TAMP_STAMP_IRQHandler
                0x00000000080011d8                EXTI3_IRQHandler
                0x00000000080011d8                I2C3_ER_IRQHandler
                0x00000000080011d8                EXTI0_IRQHandler
                0x00000000080011d8                I2C2_EV_IRQHandler
                0x00000000080011d8                DMA1_Stream2_IRQHandler
                0x00000000080011d8                FPU_IRQHandler
                0x00000000080011d8                DMA2_Stream2_IRQHandler
                0x00000000080011d8                SPI1_IRQHandler
                0x00000000080011d8                TIM1_BRK_TIM9_IRQHandler
                0x00000000080011d8                DMA2_Stream3_IRQHandler
                0x00000000080011d8                USART6_IRQHandler
                0x00000000080011d8                DMA2_Stream0_IRQHandler
                0x00000000080011d8                TIM4_IRQHandler
                0x00000000080011d8                I2C1_EV_IRQHandler
                0x00000000080011d8                DMA1_Stream6_IRQHandler
                0x00000000080011d8                DMA1_Stream1_IRQHandler
                0x00000000080011d8                TIM3_IRQHandler
                0x00000000080011d8                RCC_IRQHandler
                0x00000000080011d8                Default_Handler
                0x00000000080011d8                EXTI15_10_IRQHandler
                0x00000000080011d8                ADC_IRQHandler
                0x00000000080011d8                DMA1_Stream7_IRQHandler
                0x00000000080011d8                SPI5_IRQHandler
                0x00000000080011d8                TIM5_IRQHandler
                0x00000000080011d8                DMA2_Stream7_IRQHandler
                0x00000000080011d8                I2C3_EV_IRQHandler
                0x00000000080011d8                EXTI9_5_IRQHandler
                0x00000000080011d8                RTC_WKUP_IRQHandler
                0x00000000080011d8                SPI2_IRQHandler
                0x00000000080011d8                DMA1_Stream0_IRQHandler
                0x00000000080011d8                EXTI4_IRQHandler
                0x00000000080011d8                WWDG_IRQHandler
                0x00000000080011d8                TIM2_IRQHandler
                0x00000000080011d8                OTG_FS_WKUP_IRQHandler
                0x00000000080011d8                TIM1_TRG_COM_TIM11_IRQHandler
                0x00000000080011d8                EXTI1_IRQHandler
                0x00000000080011d8                USART2_IRQHandler
                0x00000000080011d8                I2C2_ER_IRQHandler
                0x00000000080011d8                DMA2_Stream1_IRQHandler
                0x00000000080011d8                FLASH_IRQHandler
                0x00000000080011d8                DMA2_Stream4_IRQHandler
                0x00000000080011d8                USART1_IRQHandler
                0x00000000080011d8                OTG_FS_IRQHandler
                0x00000000080011d8                SPI3_IRQHandler
                0x00000000080011d8                DMA1_Stream4_IRQHandler
                0x00000000080011d8                I2C1_ER_IRQHandler
                0x00000000080011d8                DMA2_Stream6_IRQHandler
                0x00000000080011d8                DMA1_Stream3_IRQHandler
 *fill*         0x00000000080011da        0x2 
 .text.HAL_Init
                0x00000000080011dc       0x44 ./Drivers/STM32F4xx_HAL_Driver/Src/stm32f4xx_hal.o
                0x00000000080011dc                HAL_Init
 .text.HAL_IncTick
                0x0000000008001220       0x28 ./Drivers/STM32F4xx_HAL_Driver/Src/stm32f4xx_hal.o
                0x0000000008001220                HAL_IncTick
 .text.HAL_GetTick
                0x0000000008001248       0x18 ./Drivers/STM32F4xx_HAL_Driver/Src/stm32f4xx_hal.o
                0x0000000008001248                HAL_GetTick
 .text.__NVIC_SetPriorityGrouping
                0x0000000008001260       0x48 ./Drivers/STM32F4xx_HAL_Driver/Src/stm32f4xx_hal_cortex.o
 .text.__NVIC_GetPriorityGrouping
                0x00000000080012a8       0x1c ./Drivers/STM32F4xx_HAL_Driver/Src/stm32f4xx_hal_cortex.o
 .text.__NVIC_EnableIRQ
                0x00000000080012c4       0x3c ./Drivers/STM32F4xx_HAL_Driver/Src/stm32f4xx_hal_cortex.o
 .text.__NVIC_SetPriority
                0x0000000008001300       0x54 ./Drivers/STM32F4xx_HAL_Driver/Src/stm32f4xx_hal_cortex.o
 .text.NVIC_EncodePriority
                0x0000000008001354       0x66 ./Drivers/STM32F4xx_HAL_Driver/Src/stm32f4xx_hal_cortex.o
 .text.HAL_NVIC_SetPriorityGrouping
                0x00000000080013ba       0x16 ./Drivers/STM32F4xx_HAL_Driver/Src/stm32f4xx_hal_cortex.o
                0x00000000080013ba                HAL_NVIC_SetPriorityGrouping
 .text.HAL_NVIC_SetPriority
                0x00000000080013d0       0x38 ./Drivers/STM32F4xx_HAL_Driver/Src/stm32f4xx_hal_cortex.o
                0x00000000080013d0                HAL_NVIC_SetPriority
 .text.HAL_NVIC_EnableIRQ
                0x0000000008001408       0x1c ./Drivers/STM32F4xx_HAL_Driver/Src/stm32f4xx_hal_cortex.o
                0x0000000008001408                HAL_NVIC_EnableIRQ
 .text.HAL_GPIO_Init
                0x0000000008001424      0x308 ./Drivers/STM32F4xx_HAL_Driver/Src/stm32f4xx_hal_gpio.o
                0x0000000008001424                HAL_GPIO_Init
 .text.HAL_GPIO_WritePin
                0x000000000800172c       0x32 ./Drivers/STM32F4xx_HAL_Driver/Src/stm32f4xx_hal_gpio.o
                0x000000000800172c                HAL_GPIO_WritePin
 *fill*         0x000000000800175e        0x2 
 .text.HAL_RCC_OscConfig
                0x0000000008001760      0x4f0 ./Drivers/STM32F4xx_HAL_Driver/Src/stm32f4xx_hal_rcc.o
                0x0000000008001760                HAL_RCC_OscConfig
 .text.HAL_RCC_ClockConfig
                0x0000000008001c50      0x1cc ./Drivers/STM32F4xx_HAL_Driver/Src/stm32f4xx_hal_rcc.o
                0x0000000008001c50                HAL_RCC_ClockConfig
 .text.HAL_RCC_GetSysClockFreq
                0x0000000008001e1c      0x20c ./Drivers/STM32F4xx_HAL_Driver/Src/stm32f4xx_hal_rcc.o
                0x0000000008001e1c                HAL_RCC_GetSysClockFreq
 .text.HAL_RCC_GetHCLKFreq
                0x0000000008002028       0x18 ./Drivers/STM32F4xx_HAL_Driver/Src/stm32f4xx_hal_rcc.o
                0x0000000008002028                HAL_RCC_GetHCLKFreq
 .text.HAL_RCC_GetPCLK2Freq
                0x0000000008002040       0x28 ./Drivers/STM32F4xx_HAL_Driver/Src/stm32f4xx_hal_rcc.o
                0x0000000008002040                HAL_RCC_GetPCLK2Freq
 .text.HAL_RCC_GetClockConfig
                0x0000000008002068       0x64 ./Drivers/STM32F4xx_HAL_Driver/Src/stm32f4xx_hal_rcc.o
                0x0000000008002068                HAL_RCC_GetClockConfig
 .text.HAL_TIM_Base_Init
                0x00000000080020cc       0x9e ./Drivers/STM32F4xx_HAL_Driver/Src/stm32f4xx_hal_tim.o
                0x00000000080020cc                HAL_TIM_Base_Init
 .text.HAL_TIM_Base_MspInit
                0x000000000800216a       0x14 ./Drivers/STM32F4xx_HAL_Driver/Src/stm32f4xx_hal_tim.o
                0x000000000800216a                HAL_TIM_Base_MspInit
 *fill*         0x000000000800217e        0x2 
 .text.HAL_TIM_Base_Start_IT
                0x0000000008002180       0xc4 ./Drivers/STM32F4xx_HAL_Driver/Src/stm32f4xx_hal_tim.o
                0x0000000008002180                HAL_TIM_Base_Start_IT
 .text.HAL_TIM_IRQHandler
                0x0000000008002244      0x210 ./Drivers/STM32F4xx_HAL_Driver/Src/stm32f4xx_hal_tim.o
                0x0000000008002244                HAL_TIM_IRQHandler
 .text.HAL_TIM_OC_DelayElapsedCallback
                0x0000000008002454       0x14 ./Drivers/STM32F4xx_HAL_Driver/Src/stm32f4xx_hal_tim.o
                0x0000000008002454                HAL_TIM_OC_DelayElapsedCallback
 .text.HAL_TIM_IC_CaptureCallback
                0x0000000008002468       0x14 ./Drivers/STM32F4xx_HAL_Driver/Src/stm32f4xx_hal_tim.o
                0x0000000008002468                HAL_TIM_IC_CaptureCallback
 .text.HAL_TIM_PWM_PulseFinishedCallback
                0x000000000800247c       0x14 ./Drivers/STM32F4xx_HAL_Driver/Src/stm32f4xx_hal_tim.o
                0x000000000800247c                HAL_TIM_PWM_PulseFinishedCallback
 .text.HAL_TIM_TriggerCallback
                0x0000000008002490       0x14 ./Drivers/STM32F4xx_HAL_Driver/Src/stm32f4xx_hal_tim.o
                0x0000000008002490                HAL_TIM_TriggerCallback
 .text.TIM_Base_SetConfig
                0x00000000080024a4      0x100 ./Drivers/STM32F4xx_HAL_Driver/Src/stm32f4xx_hal_tim.o
                0x00000000080024a4                TIM_Base_SetConfig
 .text.HAL_TIMEx_CommutCallback
                0x00000000080025a4       0x14 ./Drivers/STM32F4xx_HAL_Driver/Src/stm32f4xx_hal_tim_ex.o
                0x00000000080025a4                HAL_TIMEx_CommutCallback
 .text.HAL_TIMEx_BreakCallback
                0x00000000080025b8       0x14 ./Drivers/STM32F4xx_HAL_Driver/Src/stm32f4xx_hal_tim_ex.o
                0x00000000080025b8                HAL_TIMEx_BreakCallback
 .text.SysTick_Handler
                0x00000000080025cc       0x20 ./Middlewares/Third_Party/FreeRTOS/Source/CMSIS_RTOS_V2/cmsis_os2.o
                0x00000000080025cc                SysTick_Handler
 .text.vApplicationGetIdleTaskMemory
                0x00000000080025ec       0x34 ./Middlewares/Third_Party/FreeRTOS/Source/CMSIS_RTOS_V2/cmsis_os2.o
                0x00000000080025ec                vApplicationGetIdleTaskMemory
 .text.vApplicationGetTimerTaskMemory
                0x0000000008002620       0x34 ./Middlewares/Third_Party/FreeRTOS/Source/CMSIS_RTOS_V2/cmsis_os2.o
                0x0000000008002620                vApplicationGetTimerTaskMemory
 .text.vListInitialise
                0x0000000008002654       0x40 ./Middlewares/Third_Party/FreeRTOS/Source/list.o
                0x0000000008002654                vListInitialise
 .text.vListInitialiseItem
                0x0000000008002694       0x1a ./Middlewares/Third_Party/FreeRTOS/Source/list.o
                0x0000000008002694                vListInitialiseItem
 .text.vListInsertEnd
                0x00000000080026ae       0x48 ./Middlewares/Third_Party/FreeRTOS/Source/list.o
                0x00000000080026ae                vListInsertEnd
 .text.vListInsert
                0x00000000080026f6       0x72 ./Middlewares/Third_Party/FreeRTOS/Source/list.o
                0x00000000080026f6                vListInsert
 .text.uxListRemove
                0x0000000008002768       0x54 ./Middlewares/Third_Party/FreeRTOS/Source/list.o
                0x0000000008002768                uxListRemove
 .text.xQueueGenericReset
                0x00000000080027bc       0xd0 ./Middlewares/Third_Party/FreeRTOS/Source/queue.o
                0x00000000080027bc                xQueueGenericReset
 .text.xQueueGenericCreateStatic
                0x000000000800288c       0xf0 ./Middlewares/Third_Party/FreeRTOS/Source/queue.o
                0x000000000800288c                xQueueGenericCreateStatic
 .text.xQueueGenericCreate
                0x000000000800297c       0x74 ./Middlewares/Third_Party/FreeRTOS/Source/queue.o
                0x000000000800297c                xQueueGenericCreate
 .text.prvInitialiseNewQueue
                0x00000000080029f0       0x46 ./Middlewares/Third_Party/FreeRTOS/Source/queue.o
 .text.prvInitialiseMutex
                0x0000000008002a36       0x34 ./Middlewares/Third_Party/FreeRTOS/Source/queue.o
 .text.xQueueCreateMutexStatic
                0x0000000008002a6a       0x36 ./Middlewares/Third_Party/FreeRTOS/Source/queue.o
                0x0000000008002a6a                xQueueCreateMutexStatic
 .text.xQueueGetMutexHolder
                0x0000000008002aa0       0x32 ./Middlewares/Third_Party/FreeRTOS/Source/queue.o
                0x0000000008002aa0                xQueueGetMutexHolder
 .text.xQueueGiveMutexRecursive
                0x0000000008002ad2       0x68 ./Middlewares/Third_Party/FreeRTOS/Source/queue.o
                0x0000000008002ad2                xQueueGiveMutexRecursive
 .text.xQueueTakeMutexRecursive
                0x0000000008002b3a       0x6c ./Middlewares/Third_Party/FreeRTOS/Source/queue.o
                0x0000000008002b3a                xQueueTakeMutexRecursive
 *fill*         0x0000000008002ba6        0x2 
 .text.xQueueGenericSend
                0x0000000008002ba8      0x1fc ./Middlewares/Third_Party/FreeRTOS/Source/queue.o
                0x0000000008002ba8                xQueueGenericSend
 .text.xQueueGenericSendFromISR
                0x0000000008002da4      0x136 ./Middlewares/Third_Party/FreeRTOS/Source/queue.o
                0x0000000008002da4                xQueueGenericSendFromISR
 *fill*         0x0000000008002eda        0x2 
 .text.xQueueReceive
                0x0000000008002edc      0x1c0 ./Middlewares/Third_Party/FreeRTOS/Source/queue.o
                0x0000000008002edc                xQueueReceive
 .text.xQueueSemaphoreTake
                0x000000000800309c      0x218 ./Middlewares/Third_Party/FreeRTOS/Source/queue.o
                0x000000000800309c                xQueueSemaphoreTake
 .text.vQueueDelete
                0x00000000080032b4       0x46 ./Middlewares/Third_Party/FreeRTOS/Source/queue.o
                0x00000000080032b4                vQueueDelete
 .text.prvGetDisinheritPriorityAfterTimeout
                0x00000000080032fa       0x30 ./Middlewares/Third_Party/FreeRTOS/Source/queue.o
 .text.prvCopyDataToQueue
                0x000000000800332a       0xd4 ./Middlewares/Third_Party/FreeRTOS/Source/queue.o
 .text.prvCopyDataFromQueue
                0x00000000080033fe       0x4c ./Middlewares/Third_Party/FreeRTOS/Source/queue.o
 .text.prvUnlockQueue
                0x000000000800344a       0xa4 ./Middlewares/Third_Party/FreeRTOS/Source/queue.o
 .text.prvIsQueueEmpty
                0x00000000080034ee       0x2c ./Middlewares/Third_Party/FreeRTOS/Source/queue.o
 .text.prvIsQueueFull
                0x000000000800351a       0x30 ./Middlewares/Third_Party/FreeRTOS/Source/queue.o
 *fill*         0x000000000800354a        0x2 
 .text.vQueueAddToRegistry
                0x000000000800354c       0x54 ./Middlewares/Third_Party/FreeRTOS/Source/queue.o
                0x000000000800354c                vQueueAddToRegistry
 .text.vQueueUnregisterQueue
                0x00000000080035a0       0x54 ./Middlewares/Third_Party/FreeRTOS/Source/queue.o
                0x00000000080035a0                vQueueUnregisterQueue
 .text.vQueueWaitForMessageRestricted
                0x00000000080035f4       0x68 ./Middlewares/Third_Party/FreeRTOS/Source/queue.o
                0x00000000080035f4                vQueueWaitForMessageRestricted
 .text.xTaskCreateStatic
                0x000000000800365c       0xba ./Middlewares/Third_Party/FreeRTOS/Source/tasks.o
                0x000000000800365c                xTaskCreateStatic
 .text.xTaskCreate
                0x0000000008003716       0x8a ./Middlewares/Third_Party/FreeRTOS/Source/tasks.o
                0x0000000008003716                xTaskCreate
 .text.prvInitialiseNewTask
                0x00000000080037a0      0x154 ./Middlewares/Third_Party/FreeRTOS/Source/tasks.o
 .text.prvAddNewTaskToReadyList
                0x00000000080038f4       0xe0 ./Middlewares/Third_Party/FreeRTOS/Source/tasks.o
 .text.vTaskDelete
                0x00000000080039d4       0xe4 ./Middlewares/Third_Party/FreeRTOS/Source/tasks.o
                0x00000000080039d4                vTaskDelete
 .text.vTaskSuspend
                0x0000000008003ab8       0xec ./Middlewares/Third_Party/FreeRTOS/Source/tasks.o
                0x0000000008003ab8                vTaskSuspend
 .text.vTaskStartScheduler
                0x0000000008003ba4       0xe0 ./Middlewares/Third_Party/FreeRTOS/Source/tasks.o
                0x0000000008003ba4                vTaskStartScheduler
 .text.vTaskSuspendAll
                0x0000000008003c84       0x1c ./Middlewares/Third_Party/FreeRTOS/Source/tasks.o
                0x0000000008003c84                vTaskSuspendAll
 .text.xTaskResumeAll
                0x0000000008003ca0      0x13c ./Middlewares/Third_Party/FreeRTOS/Source/tasks.o
                0x0000000008003ca0                xTaskResumeAll
 .text.xTaskGetTickCount
                0x0000000008003ddc       0x20 ./Middlewares/Third_Party/FreeRTOS/Source/tasks.o
                0x0000000008003ddc                xTaskGetTickCount
 .text.xTaskIncrementTick
                0x0000000008003dfc      0x174 ./Middlewares/Third_Party/FreeRTOS/Source/tasks.o
                0x0000000008003dfc                xTaskIncrementTick
 .text.vTaskSetApplicationTaskTag
                0x0000000008003f70       0x38 ./Middlewares/Third_Party/FreeRTOS/Source/tasks.o
                0x0000000008003f70                vTaskSetApplicationTaskTag
 .text.xTaskGetApplicationTaskTag
                0x0000000008003fa8       0x34 ./Middlewares/Third_Party/FreeRTOS/Source/tasks.o
                0x0000000008003fa8                xTaskGetApplicationTaskTag
 .text.vTaskSwitchContext
                0x0000000008003fdc       0xe4 ./Middlewares/Third_Party/FreeRTOS/Source/tasks.o
                0x0000000008003fdc                vTaskSwitchContext
 .text.vTaskPlaceOnEventList
                0x00000000080040c0       0x48 ./Middlewares/Third_Party/FreeRTOS/Source/tasks.o
                0x00000000080040c0                vTaskPlaceOnEventList
 .text.vTaskPlaceOnEventListRestricted
                0x0000000008004108       0x58 ./Middlewares/Third_Party/FreeRTOS/Source/tasks.o
                0x0000000008004108                vTaskPlaceOnEventListRestricted
 .text.xTaskRemoveFromEventList
                0x0000000008004160       0xc8 ./Middlewares/Third_Party/FreeRTOS/Source/tasks.o
                0x0000000008004160                xTaskRemoveFromEventList
 .text.vTaskSetTimeOutState
                0x0000000008004228       0x4c ./Middlewares/Third_Party/FreeRTOS/Source/tasks.o
                0x0000000008004228                vTaskSetTimeOutState
 .text.vTaskInternalSetTimeOutState
                0x0000000008004274       0x2c ./Middlewares/Third_Party/FreeRTOS/Source/tasks.o
                0x0000000008004274                vTaskInternalSetTimeOutState
 .text.xTaskCheckForTimeOut
                0x00000000080042a0       0xc4 ./Middlewares/Third_Party/FreeRTOS/Source/tasks.o
                0x00000000080042a0                xTaskCheckForTimeOut
 .text.vTaskMissedYield
                0x0000000008004364       0x18 ./Middlewares/Third_Party/FreeRTOS/Source/tasks.o
                0x0000000008004364                vTaskMissedYield
 .text.prvIdleTask
                0x000000000800437c       0x30 ./Middlewares/Third_Party/FreeRTOS/Source/tasks.o
 .text.prvInitialiseTaskLists
                0x00000000080043ac       0x80 ./Middlewares/Third_Party/FreeRTOS/Source/tasks.o
 .text.prvCheckTasksWaitingTermination
                0x000000000800442c       0x5c ./Middlewares/Third_Party/FreeRTOS/Source/tasks.o
 .text.prvDeleteTCB
                0x0000000008004488       0x68 ./Middlewares/Third_Party/FreeRTOS/Source/tasks.o
 .text.prvResetNextTaskUnblockTime
                0x00000000080044f0       0x40 ./Middlewares/Third_Party/FreeRTOS/Source/tasks.o
 .text.xTaskGetCurrentTaskHandle
                0x0000000008004530       0x20 ./Middlewares/Third_Party/FreeRTOS/Source/tasks.o
                0x0000000008004530                xTaskGetCurrentTaskHandle
 .text.xTaskGetSchedulerState
                0x0000000008004550       0x3c ./Middlewares/Third_Party/FreeRTOS/Source/tasks.o
                0x0000000008004550                xTaskGetSchedulerState
 .text.xTaskPriorityInherit
                0x000000000800458c       0xd0 ./Middlewares/Third_Party/FreeRTOS/Source/tasks.o
                0x000000000800458c                xTaskPriorityInherit
 .text.xTaskPriorityDisinherit
                0x000000000800465c       0xdc ./Middlewares/Third_Party/FreeRTOS/Source/tasks.o
                0x000000000800465c                xTaskPriorityDisinherit
 .text.vTaskPriorityDisinheritAfterTimeout
                0x0000000008004738      0x104 ./Middlewares/Third_Party/FreeRTOS/Source/tasks.o
                0x0000000008004738                vTaskPriorityDisinheritAfterTimeout
 .text.pvTaskIncrementMutexHeldCount
                0x000000000800483c       0x28 ./Middlewares/Third_Party/FreeRTOS/Source/tasks.o
                0x000000000800483c                pvTaskIncrementMutexHeldCount
 .text.prvAddCurrentTaskToDelayedList
                0x0000000008004864       0xa8 ./Middlewares/Third_Party/FreeRTOS/Source/tasks.o
 .text.xTimerCreateTimerTask
                0x000000000800490c       0x90 ./Middlewares/Third_Party/FreeRTOS/Source/timers.o
                0x000000000800490c                xTimerCreateTimerTask
 .text.xTimerGenericCommand
                0x000000000800499c       0x9c ./Middlewares/Third_Party/FreeRTOS/Source/timers.o
                0x000000000800499c                xTimerGenericCommand
 .text.prvProcessExpiredTimer
                0x0000000008004a38       0x98 ./Middlewares/Third_Party/FreeRTOS/Source/timers.o
 .text.prvTimerTask
                0x0000000008004ad0       0x24 ./Middlewares/Third_Party/FreeRTOS/Source/timers.o
 .text.prvProcessTimerOrBlockTask
                0x0000000008004af4       0x9c ./Middlewares/Third_Party/FreeRTOS/Source/timers.o
 .text.prvGetNextExpireTime
                0x0000000008004b90       0x48 ./Middlewares/Third_Party/FreeRTOS/Source/timers.o
 .text.prvSampleTimeNow
                0x0000000008004bd8       0x40 ./Middlewares/Third_Party/FreeRTOS/Source/timers.o
 .text.prvInsertTimerInActiveList
                0x0000000008004c18       0x84 ./Middlewares/Third_Party/FreeRTOS/Source/timers.o
 .text.prvProcessReceivedCommands
                0x0000000008004c9c      0x1c4 ./Middlewares/Third_Party/FreeRTOS/Source/timers.o
 .text.prvSwitchTimerLists
                0x0000000008004e60       0xc8 ./Middlewares/Third_Party/FreeRTOS/Source/timers.o
 .text.prvCheckForValidListAndQueue
                0x0000000008004f28       0x80 ./Middlewares/Third_Party/FreeRTOS/Source/timers.o
 .text.pxPortInitialiseStack
                0x0000000008004fa8       0x68 ./Middlewares/Third_Party/FreeRTOS/Source/portable/GCC/ARM_CM4F/port.o
                0x0000000008004fa8                pxPortInitialiseStack
 .text.prvTaskExitError
                0x0000000008005010       0x58 ./Middlewares/Third_Party/FreeRTOS/Source/portable/GCC/ARM_CM4F/port.o
 *fill*         0x0000000008005068        0x8 
 .text.SVC_Handler
                0x0000000008005070       0x28 ./Middlewares/Third_Party/FreeRTOS/Source/portable/GCC/ARM_CM4F/port.o
                0x0000000008005070                SVC_Handler
 .text.prvPortStartFirstTask
                0x0000000008005098       0x28 ./Middlewares/Third_Party/FreeRTOS/Source/portable/GCC/ARM_CM4F/port.o
 .text.xPortStartScheduler
                0x00000000080050c0      0x144 ./Middlewares/Third_Party/FreeRTOS/Source/portable/GCC/ARM_CM4F/port.o
                0x00000000080050c0                xPortStartScheduler
 .text.vPortEnterCritical
                0x0000000008005204       0x60 ./Middlewares/Third_Party/FreeRTOS/Source/portable/GCC/ARM_CM4F/port.o
                0x0000000008005204                vPortEnterCritical
 .text.vPortExitCritical
                0x0000000008005264       0x54 ./Middlewares/Third_Party/FreeRTOS/Source/portable/GCC/ARM_CM4F/port.o
                0x0000000008005264                vPortExitCritical
 *fill*         0x00000000080052b8        0x8 
 .text.PendSV_Handler
                0x00000000080052c0       0x68 ./Middlewares/Third_Party/FreeRTOS/Source/portable/GCC/ARM_CM4F/port.o
                0x00000000080052c0                PendSV_Handler
 .text.xPortSysTickHandler
                0x0000000008005328       0x44 ./Middlewares/Third_Party/FreeRTOS/Source/portable/GCC/ARM_CM4F/port.o
                0x0000000008005328                xPortSysTickHandler
 .text.vPortSetupTimerInterrupt
                0x000000000800536c       0x48 ./Middlewares/Third_Party/FreeRTOS/Source/portable/GCC/ARM_CM4F/port.o
                0x000000000800536c                vPortSetupTimerInterrupt
 .text.vPortEnableVFP
                0x00000000080053b4       0x14 ./Middlewares/Third_Party/FreeRTOS/Source/portable/GCC/ARM_CM4F/port.o
 .text.vPortValidateInterruptPriority
                0x00000000080053c8       0x80 ./Middlewares/Third_Party/FreeRTOS/Source/portable/GCC/ARM_CM4F/port.o
                0x00000000080053c8                vPortValidateInterruptPriority
 .text.pvPortMalloc
                0x0000000008005448      0x198 ./Middlewares/Third_Party/FreeRTOS/Source/portable/MemMang/heap_4.o
                0x0000000008005448                pvPortMalloc
 .text.vPortFree
                0x00000000080055e0       0xc4 ./Middlewares/Third_Party/FreeRTOS/Source/portable/MemMang/heap_4.o
                0x00000000080055e0                vPortFree
 .text.prvHeapInit
                0x00000000080056a4       0xc4 ./Middlewares/Third_Party/FreeRTOS/Source/portable/MemMang/heap_4.o
 .text.prvInsertBlockIntoFreeList
                0x0000000008005768       0xb4 ./Middlewares/Third_Party/FreeRTOS/Source/portable/MemMang/heap_4.o
 .text.clock_gettime
                0x000000000800581c       0xee ./Middlewares/Third_Party/Lab-Project-FreeRTOS-POSIX-master/FreeRTOS-Plus-POSIX/source/FreeRTOS_POSIX_clock.o
                0x000000000800581c                clock_gettime
 .text.prvCalculateTickTimeout
                0x000000000800590a       0x9a ./Middlewares/Third_Party/Lab-Project-FreeRTOS-POSIX-master/FreeRTOS-Plus-POSIX/source/FreeRTOS_POSIX_mqueue.o
 .text.prvCreateNewMessageQueue
                0x00000000080059a4      0x114 ./Middlewares/Third_Party/Lab-Project-FreeRTOS-POSIX-master/FreeRTOS-Plus-POSIX/source/FreeRTOS_POSIX_mqueue.o
 .text.prvDeleteMessageQueue
                0x0000000008005ab8       0x54 ./Middlewares/Third_Party/Lab-Project-FreeRTOS-POSIX-master/FreeRTOS-Plus-POSIX/source/FreeRTOS_POSIX_mqueue.o
 .text.prvFindQueueInList
                0x0000000008005b0c       0x80 ./Middlewares/Third_Party/Lab-Project-FreeRTOS-POSIX-master/FreeRTOS-Plus-POSIX/source/FreeRTOS_POSIX_mqueue.o
 .text.prvInitializeQueueList
                0x0000000008005b8c       0x48 ./Middlewares/Third_Party/Lab-Project-FreeRTOS-POSIX-master/FreeRTOS-Plus-POSIX/source/FreeRTOS_POSIX_mqueue.o
 .text.prvValidateQueueName
                0x0000000008005bd4       0x46 ./Middlewares/Third_Party/Lab-Project-FreeRTOS-POSIX-master/FreeRTOS-Plus-POSIX/source/FreeRTOS_POSIX_mqueue.o
 *fill*         0x0000000008005c1a        0x2 
 .text.mq_close
                0x0000000008005c1c       0xc8 ./Middlewares/Third_Party/Lab-Project-FreeRTOS-POSIX-master/FreeRTOS-Plus-POSIX/source/FreeRTOS_POSIX_mqueue.o
                0x0000000008005c1c                mq_close
 .text.mq_open  0x0000000008005ce4      0x150 ./Middlewares/Third_Party/Lab-Project-FreeRTOS-POSIX-master/FreeRTOS-Plus-POSIX/source/FreeRTOS_POSIX_mqueue.o
                0x0000000008005ce4                mq_open
 .text.mq_receive
                0x0000000008005e34       0x28 ./Middlewares/Third_Party/Lab-Project-FreeRTOS-POSIX-master/FreeRTOS-Plus-POSIX/source/FreeRTOS_POSIX_mqueue.o
                0x0000000008005e34                mq_receive
 .text.mq_send  0x0000000008005e5c       0x28 ./Middlewares/Third_Party/Lab-Project-FreeRTOS-POSIX-master/FreeRTOS-Plus-POSIX/source/FreeRTOS_POSIX_mqueue.o
                0x0000000008005e5c                mq_send
 .text.mq_timedreceive
                0x0000000008005e84      0x110 ./Middlewares/Third_Party/Lab-Project-FreeRTOS-POSIX-master/FreeRTOS-Plus-POSIX/source/FreeRTOS_POSIX_mqueue.o
                0x0000000008005e84                mq_timedreceive
 .text.mq_timedsend
                0x0000000008005f94      0x12c ./Middlewares/Third_Party/Lab-Project-FreeRTOS-POSIX-master/FreeRTOS-Plus-POSIX/source/FreeRTOS_POSIX_mqueue.o
                0x0000000008005f94                mq_timedsend
 .text.mq_unlink
                0x00000000080060c0       0xdc ./Middlewares/Third_Party/Lab-Project-FreeRTOS-POSIX-master/FreeRTOS-Plus-POSIX/source/FreeRTOS_POSIX_mqueue.o
                0x00000000080060c0                mq_unlink
 .text.prvExitThread
                0x000000000800619c       0x42 ./Middlewares/Third_Party/Lab-Project-FreeRTOS-POSIX-master/FreeRTOS-Plus-POSIX/source/FreeRTOS_POSIX_pthread.o
 .text.prvRunThread
                0x00000000080061de       0x2c ./Middlewares/Third_Party/Lab-Project-FreeRTOS-POSIX-master/FreeRTOS-Plus-POSIX/source/FreeRTOS_POSIX_pthread.o
 .text.pthread_attr_destroy
                0x000000000800620a       0x16 ./Middlewares/Third_Party/Lab-Project-FreeRTOS-POSIX-master/FreeRTOS-Plus-POSIX/source/FreeRTOS_POSIX_pthread.o
                0x000000000800620a                pthread_attr_destroy
 .text.pthread_attr_getschedparam
                0x0000000008006220       0x28 ./Middlewares/Third_Party/Lab-Project-FreeRTOS-POSIX-master/FreeRTOS-Plus-POSIX/source/FreeRTOS_POSIX_pthread.o
                0x0000000008006220                pthread_attr_getschedparam
 .text.pthread_attr_init
                0x0000000008006248       0x24 ./Middlewares/Third_Party/Lab-Project-FreeRTOS-POSIX-master/FreeRTOS-Plus-POSIX/source/FreeRTOS_POSIX_pthread.o
                0x0000000008006248                pthread_attr_init
 .text.pthread_attr_setdetachstate
                0x000000000800626c       0x58 ./Middlewares/Third_Party/Lab-Project-FreeRTOS-POSIX-master/FreeRTOS-Plus-POSIX/source/FreeRTOS_POSIX_pthread.o
                0x000000000800626c                pthread_attr_setdetachstate
 .text.pthread_attr_setschedparam
                0x00000000080062c4       0x72 ./Middlewares/Third_Party/Lab-Project-FreeRTOS-POSIX-master/FreeRTOS-Plus-POSIX/source/FreeRTOS_POSIX_pthread.o
                0x00000000080062c4                pthread_attr_setschedparam
 .text.pthread_attr_setstacksize
                0x0000000008006336       0x36 ./Middlewares/Third_Party/Lab-Project-FreeRTOS-POSIX-master/FreeRTOS-Plus-POSIX/source/FreeRTOS_POSIX_pthread.o
                0x0000000008006336                pthread_attr_setstacksize
 .text.pthread_create
                0x000000000800636c       0xf0 ./Middlewares/Third_Party/Lab-Project-FreeRTOS-POSIX-master/FreeRTOS-Plus-POSIX/source/FreeRTOS_POSIX_pthread.o
                0x000000000800636c                pthread_create
 .text.pthread_equal
                0x000000000800645c       0x24 ./Middlewares/Third_Party/Lab-Project-FreeRTOS-POSIX-master/FreeRTOS-Plus-POSIX/source/FreeRTOS_POSIX_pthread.o
                0x000000000800645c                pthread_equal
 .text.pthread_join
                0x0000000008006480       0xd4 ./Middlewares/Third_Party/Lab-Project-FreeRTOS-POSIX-master/FreeRTOS-Plus-POSIX/source/FreeRTOS_POSIX_pthread.o
                0x0000000008006480                pthread_join
 .text.pthread_self
                0x0000000008006554       0x10 ./Middlewares/Third_Party/Lab-Project-FreeRTOS-POSIX-master/FreeRTOS-Plus-POSIX/source/FreeRTOS_POSIX_pthread.o
                0x0000000008006554                pthread_self
 .text.prvInitializeStaticMutex
                0x0000000008006564       0x40 ./Middlewares/Third_Party/Lab-Project-FreeRTOS-POSIX-master/FreeRTOS-Plus-POSIX/source/FreeRTOS_POSIX_pthread_mutex.o
 .text.pthread_mutex_init
                0x00000000080065a4       0x8c ./Middlewares/Third_Party/Lab-Project-FreeRTOS-POSIX-master/FreeRTOS-Plus-POSIX/source/FreeRTOS_POSIX_pthread_mutex.o
                0x00000000080065a4                pthread_mutex_init
 .text.pthread_mutex_lock
                0x0000000008006630       0x1a ./Middlewares/Third_Party/Lab-Project-FreeRTOS-POSIX-master/FreeRTOS-Plus-POSIX/source/FreeRTOS_POSIX_pthread_mutex.o
                0x0000000008006630                pthread_mutex_lock
 .text.pthread_mutex_timedlock
                0x000000000800664a       0xfc ./Middlewares/Third_Party/Lab-Project-FreeRTOS-POSIX-master/FreeRTOS-Plus-POSIX/source/FreeRTOS_POSIX_pthread_mutex.o
                0x000000000800664a                pthread_mutex_timedlock
 .text.pthread_mutex_unlock
                0x0000000008006746       0x82 ./Middlewares/Third_Party/Lab-Project-FreeRTOS-POSIX-master/FreeRTOS-Plus-POSIX/source/FreeRTOS_POSIX_pthread_mutex.o
                0x0000000008006746                pthread_mutex_unlock
 .text.pthread_mutexattr_init
                0x00000000080067c8       0x1c ./Middlewares/Third_Party/Lab-Project-FreeRTOS-POSIX-master/FreeRTOS-Plus-POSIX/source/FreeRTOS_POSIX_pthread_mutex.o
                0x00000000080067c8                pthread_mutexattr_init
 .text.sched_get_priority_max
                0x00000000080067e4       0x16 ./Middlewares/Third_Party/Lab-Project-FreeRTOS-POSIX-master/FreeRTOS-Plus-POSIX/source/FreeRTOS_POSIX_sched.o
                0x00000000080067e4                sched_get_priority_max
 .text.UTILS_strnlen
                0x00000000080067fa       0x44 ./Middlewares/Third_Party/Lab-Project-FreeRTOS-POSIX-master/FreeRTOS-Plus-POSIX/source/FreeRTOS_POSIX_utils.o
                0x00000000080067fa                UTILS_strnlen
 .text.UTILS_AbsoluteTimespecToDeltaTicks
                0x000000000800683e       0x80 ./Middlewares/Third_Party/Lab-Project-FreeRTOS-POSIX-master/FreeRTOS-Plus-POSIX/source/FreeRTOS_POSIX_utils.o
                0x000000000800683e                UTILS_AbsoluteTimespecToDeltaTicks
 *fill*         0x00000000080068be        0x2 
 .text.UTILS_TimespecToTicks
                0x00000000080068c0      0x150 ./Middlewares/Third_Party/Lab-Project-FreeRTOS-POSIX-master/FreeRTOS-Plus-POSIX/source/FreeRTOS_POSIX_utils.o
                0x00000000080068c0                UTILS_TimespecToTicks
 .text.UTILS_NanosecondsToTimespec
                0x0000000008006a10       0xa0 ./Middlewares/Third_Party/Lab-Project-FreeRTOS-POSIX-master/FreeRTOS-Plus-POSIX/source/FreeRTOS_POSIX_utils.o
                0x0000000008006a10                UTILS_NanosecondsToTimespec
 .text.UTILS_TimespecSubtract
                0x0000000008006ab0       0xd4 ./Middlewares/Third_Party/Lab-Project-FreeRTOS-POSIX-master/FreeRTOS-Plus-POSIX/source/FreeRTOS_POSIX_utils.o
                0x0000000008006ab0                UTILS_TimespecSubtract
 .text.UTILS_TimespecCompare
                0x0000000008006b84       0xa8 ./Middlewares/Third_Party/Lab-Project-FreeRTOS-POSIX-master/FreeRTOS-Plus-POSIX/source/FreeRTOS_POSIX_utils.o
                0x0000000008006b84                UTILS_TimespecCompare
 .text.UTILS_ValidateTimespec
                0x0000000008006c2c       0x3c ./Middlewares/Third_Party/Lab-Project-FreeRTOS-POSIX-master/FreeRTOS-Plus-POSIX/source/FreeRTOS_POSIX_utils.o
                0x0000000008006c2c                UTILS_ValidateTimespec
 .text.findslot
                0x0000000008006c68       0x34 d:/minor/stm32cubeide_1.10.1/stm32cubeide/plugins/com.st.stm32cube.ide.mcu.externaltools.gnu-tools-for-stm32.10.3-2021.10.win32_1.0.0.202111181127/tools/bin/../lib/gcc/arm-none-eabi/10.3.1/../../../../arm-none-eabi/lib/thumb/v7e-m+fp/hard\librdimon_nano.a(rdimon-syscalls.o)
 .text.error    0x0000000008006c9c       0x1c d:/minor/stm32cubeide_1.10.1/stm32cubeide/plugins/com.st.stm32cube.ide.mcu.externaltools.gnu-tools-for-stm32.10.3-2021.10.win32_1.0.0.202111181127/tools/bin/../lib/gcc/arm-none-eabi/10.3.1/../../../../arm-none-eabi/lib/thumb/v7e-m+fp/hard\librdimon_nano.a(rdimon-syscalls.o)
 .text.checkerror
                0x0000000008006cb8        0xa d:/minor/stm32cubeide_1.10.1/stm32cubeide/plugins/com.st.stm32cube.ide.mcu.externaltools.gnu-tools-for-stm32.10.3-2021.10.win32_1.0.0.202111181127/tools/bin/../lib/gcc/arm-none-eabi/10.3.1/../../../../arm-none-eabi/lib/thumb/v7e-m+fp/hard\librdimon_nano.a(rdimon-syscalls.o)
 .text._swiread
                0x0000000008006cc2       0x20 d:/minor/stm32cubeide_1.10.1/stm32cubeide/plugins/com.st.stm32cube.ide.mcu.externaltools.gnu-tools-for-stm32.10.3-2021.10.win32_1.0.0.202111181127/tools/bin/../lib/gcc/arm-none-eabi/10.3.1/../../../../arm-none-eabi/lib/thumb/v7e-m+fp/hard\librdimon_nano.a(rdimon-syscalls.o)
                0x0000000008006cc2                _swiread
 .text._read    0x0000000008006ce2       0x38 d:/minor/stm32cubeide_1.10.1/stm32cubeide/plugins/com.st.stm32cube.ide.mcu.externaltools.gnu-tools-for-stm32.10.3-2021.10.win32_1.0.0.202111181127/tools/bin/../lib/gcc/arm-none-eabi/10.3.1/../../../../arm-none-eabi/lib/thumb/v7e-m+fp/hard\librdimon_nano.a(rdimon-syscalls.o)
                0x0000000008006ce2                _read
 .text._swilseek
                0x0000000008006d1a       0x78 d:/minor/stm32cubeide_1.10.1/stm32cubeide/plugins/com.st.stm32cube.ide.mcu.externaltools.gnu-tools-for-stm32.10.3-2021.10.win32_1.0.0.202111181127/tools/bin/../lib/gcc/arm-none-eabi/10.3.1/../../../../arm-none-eabi/lib/thumb/v7e-m+fp/hard\librdimon_nano.a(rdimon-syscalls.o)
                0x0000000008006d1a                _swilseek
 .text._lseek   0x0000000008006d92        0x4 d:/minor/stm32cubeide_1.10.1/stm32cubeide/plugins/com.st.stm32cube.ide.mcu.externaltools.gnu-tools-for-stm32.10.3-2021.10.win32_1.0.0.202111181127/tools/bin/../lib/gcc/arm-none-eabi/10.3.1/../../../../arm-none-eabi/lib/thumb/v7e-m+fp/hard\librdimon_nano.a(rdimon-syscalls.o)
                0x0000000008006d92                _lseek
 .text._swiwrite
                0x0000000008006d96       0x20 d:/minor/stm32cubeide_1.10.1/stm32cubeide/plugins/com.st.stm32cube.ide.mcu.externaltools.gnu-tools-for-stm32.10.3-2021.10.win32_1.0.0.202111181127/tools/bin/../lib/gcc/arm-none-eabi/10.3.1/../../../../arm-none-eabi/lib/thumb/v7e-m+fp/hard\librdimon_nano.a(rdimon-syscalls.o)
                0x0000000008006d96                _swiwrite
 .text._write   0x0000000008006db6       0x48 d:/minor/stm32cubeide_1.10.1/stm32cubeide/plugins/com.st.stm32cube.ide.mcu.externaltools.gnu-tools-for-stm32.10.3-2021.10.win32_1.0.0.202111181127/tools/bin/../lib/gcc/arm-none-eabi/10.3.1/../../../../arm-none-eabi/lib/thumb/v7e-m+fp/hard\librdimon_nano.a(rdimon-syscalls.o)
                0x0000000008006db6                _write
 .text._swiclose
                0x0000000008006dfe       0x1a d:/minor/stm32cubeide_1.10.1/stm32cubeide/plugins/com.st.stm32cube.ide.mcu.externaltools.gnu-tools-for-stm32.10.3-2021.10.win32_1.0.0.202111181127/tools/bin/../lib/gcc/arm-none-eabi/10.3.1/../../../../arm-none-eabi/lib/thumb/v7e-m+fp/hard\librdimon_nano.a(rdimon-syscalls.o)
                0x0000000008006dfe                _swiclose
 .text._close   0x0000000008006e18       0x4c d:/minor/stm32cubeide_1.10.1/stm32cubeide/plugins/com.st.stm32cube.ide.mcu.externaltools.gnu-tools-for-stm32.10.3-2021.10.win32_1.0.0.202111181127/tools/bin/../lib/gcc/arm-none-eabi/10.3.1/../../../../arm-none-eabi/lib/thumb/v7e-m+fp/hard\librdimon_nano.a(rdimon-syscalls.o)
                0x0000000008006e18                _close
 .text._swistat
                0x0000000008006e64       0x42 d:/minor/stm32cubeide_1.10.1/stm32cubeide/plugins/com.st.stm32cube.ide.mcu.externaltools.gnu-tools-for-stm32.10.3-2021.10.win32_1.0.0.202111181127/tools/bin/../lib/gcc/arm-none-eabi/10.3.1/../../../../arm-none-eabi/lib/thumb/v7e-m+fp/hard\librdimon_nano.a(rdimon-syscalls.o)
                0x0000000008006e64                _swistat
 .text._fstat   0x0000000008006ea6       0x1c d:/minor/stm32cubeide_1.10.1/stm32cubeide/plugins/com.st.stm32cube.ide.mcu.externaltools.gnu-tools-for-stm32.10.3-2021.10.win32_1.0.0.202111181127/tools/bin/../lib/gcc/arm-none-eabi/10.3.1/../../../../arm-none-eabi/lib/thumb/v7e-m+fp/hard\librdimon_nano.a(rdimon-syscalls.o)
                0x0000000008006ea6                _fstat
 .text._stat    0x0000000008006ec2       0x3a d:/minor/stm32cubeide_1.10.1/stm32cubeide/plugins/com.st.stm32cube.ide.mcu.externaltools.gnu-tools-for-stm32.10.3-2021.10.win32_1.0.0.202111181127/tools/bin/../lib/gcc/arm-none-eabi/10.3.1/../../../../arm-none-eabi/lib/thumb/v7e-m+fp/hard\librdimon_nano.a(rdimon-syscalls.o)
                0x0000000008006ec2                _stat
 .text._swiopen
                0x0000000008006efc       0xb4 d:/minor/stm32cubeide_1.10.1/stm32cubeide/plugins/com.st.stm32cube.ide.mcu.externaltools.gnu-tools-for-stm32.10.3-2021.10.win32_1.0.0.202111181127/tools/bin/../lib/gcc/arm-none-eabi/10.3.1/../../../../arm-none-eabi/lib/thumb/v7e-m+fp/hard\librdimon_nano.a(rdimon-syscalls.o)
                0x0000000008006efc                _swiopen
 .text._get_semihosting_exts
                0x0000000008006fb0       0xb8 d:/minor/stm32cubeide_1.10.1/stm32cubeide/plugins/com.st.stm32cube.ide.mcu.externaltools.gnu-tools-for-stm32.10.3-2021.10.win32_1.0.0.202111181127/tools/bin/../lib/gcc/arm-none-eabi/10.3.1/../../../../arm-none-eabi/lib/thumb/v7e-m+fp/hard\librdimon_nano.a(rdimon-syscalls.o)
                0x0000000008006fb0                _get_semihosting_exts
 .text.initialise_semihosting_exts
                0x0000000008007068       0x34 d:/minor/stm32cubeide_1.10.1/stm32cubeide/plugins/com.st.stm32cube.ide.mcu.externaltools.gnu-tools-for-stm32.10.3-2021.10.win32_1.0.0.202111181127/tools/bin/../lib/gcc/arm-none-eabi/10.3.1/../../../../arm-none-eabi/lib/thumb/v7e-m+fp/hard\librdimon_nano.a(rdimon-syscalls.o)
 .text._has_ext_stdout_stderr
                0x000000000800709c       0x18 d:/minor/stm32cubeide_1.10.1/stm32cubeide/plugins/com.st.stm32cube.ide.mcu.externaltools.gnu-tools-for-stm32.10.3-2021.10.win32_1.0.0.202111181127/tools/bin/../lib/gcc/arm-none-eabi/10.3.1/../../../../arm-none-eabi/lib/thumb/v7e-m+fp/hard\librdimon_nano.a(rdimon-syscalls.o)
                0x000000000800709c                _has_ext_stdout_stderr
 .text.initialise_monitor_handles
                0x00000000080070b4       0xc0 d:/minor/stm32cubeide_1.10.1/stm32cubeide/plugins/com.st.stm32cube.ide.mcu.externaltools.gnu-tools-for-stm32.10.3-2021.10.win32_1.0.0.202111181127/tools/bin/../lib/gcc/arm-none-eabi/10.3.1/../../../../arm-none-eabi/lib/thumb/v7e-m+fp/hard\librdimon_nano.a(rdimon-syscalls.o)
                0x00000000080070b4                initialise_monitor_handles
 .text._isatty  0x0000000008007174       0x38 d:/minor/stm32cubeide_1.10.1/stm32cubeide/plugins/com.st.stm32cube.ide.mcu.externaltools.gnu-tools-for-stm32.10.3-2021.10.win32_1.0.0.202111181127/tools/bin/../lib/gcc/arm-none-eabi/10.3.1/../../../../arm-none-eabi/lib/thumb/v7e-m+fp/hard\librdimon_nano.a(rdimon-syscalls.o)
                0x0000000008007174                _isatty
 .text.__errno  0x00000000080071ac        0xc d:/minor/stm32cubeide_1.10.1/stm32cubeide/plugins/com.st.stm32cube.ide.mcu.externaltools.gnu-tools-for-stm32.10.3-2021.10.win32_1.0.0.202111181127/tools/bin/../lib/gcc/arm-none-eabi/10.3.1/../../../../arm-none-eabi/lib/thumb/v7e-m+fp/hard\libc_nano.a(lib_a-errno.o)
                0x00000000080071ac                __errno
 .text.__sflush_r
                0x00000000080071b8      0x10c d:/minor/stm32cubeide_1.10.1/stm32cubeide/plugins/com.st.stm32cube.ide.mcu.externaltools.gnu-tools-for-stm32.10.3-2021.10.win32_1.0.0.202111181127/tools/bin/../lib/gcc/arm-none-eabi/10.3.1/../../../../arm-none-eabi/lib/thumb/v7e-m+fp/hard\libc_nano.a(lib_a-fflush.o)
                0x00000000080071b8                __sflush_r
 .text._fflush_r
                0x00000000080072c4       0x78 d:/minor/stm32cubeide_1.10.1/stm32cubeide/plugins/com.st.stm32cube.ide.mcu.externaltools.gnu-tools-for-stm32.10.3-2021.10.win32_1.0.0.202111181127/tools/bin/../lib/gcc/arm-none-eabi/10.3.1/../../../../arm-none-eabi/lib/thumb/v7e-m+fp/hard\libc_nano.a(lib_a-fflush.o)
                0x00000000080072c4                _fflush_r
 .text.fflush   0x000000000800733c       0x24 d:/minor/stm32cubeide_1.10.1/stm32cubeide/plugins/com.st.stm32cube.ide.mcu.externaltools.gnu-tools-for-stm32.10.3-2021.10.win32_1.0.0.202111181127/tools/bin/../lib/gcc/arm-none-eabi/10.3.1/../../../../arm-none-eabi/lib/thumb/v7e-m+fp/hard\libc_nano.a(lib_a-fflush.o)
                0x000000000800733c                fflush
 .text.std      0x0000000008007360       0x48 d:/minor/stm32cubeide_1.10.1/stm32cubeide/plugins/com.st.stm32cube.ide.mcu.externaltools.gnu-tools-for-stm32.10.3-2021.10.win32_1.0.0.202111181127/tools/bin/../lib/gcc/arm-none-eabi/10.3.1/../../../../arm-none-eabi/lib/thumb/v7e-m+fp/hard\libc_nano.a(lib_a-findfp.o)
 .text._cleanup_r
                0x00000000080073a8        0xc d:/minor/stm32cubeide_1.10.1/stm32cubeide/plugins/com.st.stm32cube.ide.mcu.externaltools.gnu-tools-for-stm32.10.3-2021.10.win32_1.0.0.202111181127/tools/bin/../lib/gcc/arm-none-eabi/10.3.1/../../../../arm-none-eabi/lib/thumb/v7e-m+fp/hard\libc_nano.a(lib_a-findfp.o)
                0x00000000080073a8                _cleanup_r
 .text.__sfmoreglue
                0x00000000080073b4       0x2c d:/minor/stm32cubeide_1.10.1/stm32cubeide/plugins/com.st.stm32cube.ide.mcu.externaltools.gnu-tools-for-stm32.10.3-2021.10.win32_1.0.0.202111181127/tools/bin/../lib/gcc/arm-none-eabi/10.3.1/../../../../arm-none-eabi/lib/thumb/v7e-m+fp/hard\libc_nano.a(lib_a-findfp.o)
                0x00000000080073b4                __sfmoreglue
 .text.__sfp_lock_acquire
                0x00000000080073e0        0xc d:/minor/stm32cubeide_1.10.1/stm32cubeide/plugins/com.st.stm32cube.ide.mcu.externaltools.gnu-tools-for-stm32.10.3-2021.10.win32_1.0.0.202111181127/tools/bin/../lib/gcc/arm-none-eabi/10.3.1/../../../../arm-none-eabi/lib/thumb/v7e-m+fp/hard\libc_nano.a(lib_a-findfp.o)
                0x00000000080073e0                __sfp_lock_acquire
 .text.__sfp_lock_release
                0x00000000080073ec        0xc d:/minor/stm32cubeide_1.10.1/stm32cubeide/plugins/com.st.stm32cube.ide.mcu.externaltools.gnu-tools-for-stm32.10.3-2021.10.win32_1.0.0.202111181127/tools/bin/../lib/gcc/arm-none-eabi/10.3.1/../../../../arm-none-eabi/lib/thumb/v7e-m+fp/hard\libc_nano.a(lib_a-findfp.o)
                0x00000000080073ec                __sfp_lock_release
 .text.__sinit_lock_acquire
                0x00000000080073f8        0xc d:/minor/stm32cubeide_1.10.1/stm32cubeide/plugins/com.st.stm32cube.ide.mcu.externaltools.gnu-tools-for-stm32.10.3-2021.10.win32_1.0.0.202111181127/tools/bin/../lib/gcc/arm-none-eabi/10.3.1/../../../../arm-none-eabi/lib/thumb/v7e-m+fp/hard\libc_nano.a(lib_a-findfp.o)
                0x00000000080073f8                __sinit_lock_acquire
 .text.__sinit_lock_release
                0x0000000008007404        0xc d:/minor/stm32cubeide_1.10.1/stm32cubeide/plugins/com.st.stm32cube.ide.mcu.externaltools.gnu-tools-for-stm32.10.3-2021.10.win32_1.0.0.202111181127/tools/bin/../lib/gcc/arm-none-eabi/10.3.1/../../../../arm-none-eabi/lib/thumb/v7e-m+fp/hard\libc_nano.a(lib_a-findfp.o)
                0x0000000008007404                __sinit_lock_release
 .text.__sinit  0x0000000008007410       0x70 d:/minor/stm32cubeide_1.10.1/stm32cubeide/plugins/com.st.stm32cube.ide.mcu.externaltools.gnu-tools-for-stm32.10.3-2021.10.win32_1.0.0.202111181127/tools/bin/../lib/gcc/arm-none-eabi/10.3.1/../../../../arm-none-eabi/lib/thumb/v7e-m+fp/hard\libc_nano.a(lib_a-findfp.o)
                0x0000000008007410                __sinit
 .text.__sfp    0x0000000008007480       0x8c d:/minor/stm32cubeide_1.10.1/stm32cubeide/plugins/com.st.stm32cube.ide.mcu.externaltools.gnu-tools-for-stm32.10.3-2021.10.win32_1.0.0.202111181127/tools/bin/../lib/gcc/arm-none-eabi/10.3.1/../../../../arm-none-eabi/lib/thumb/v7e-m+fp/hard\libc_nano.a(lib_a-findfp.o)
                0x0000000008007480                __sfp
 .text._fwalk   0x000000000800750c       0x3a d:/minor/stm32cubeide_1.10.1/stm32cubeide/plugins/com.st.stm32cube.ide.mcu.externaltools.gnu-tools-for-stm32.10.3-2021.10.win32_1.0.0.202111181127/tools/bin/../lib/gcc/arm-none-eabi/10.3.1/../../../../arm-none-eabi/lib/thumb/v7e-m+fp/hard\libc_nano.a(lib_a-fwalk.o)
                0x000000000800750c                _fwalk
 .text._fwalk_reent
                0x0000000008007546       0x3e d:/minor/stm32cubeide_1.10.1/stm32cubeide/plugins/com.st.stm32cube.ide.mcu.externaltools.gnu-tools-for-stm32.10.3-2021.10.win32_1.0.0.202111181127/tools/bin/../lib/gcc/arm-none-eabi/10.3.1/../../../../arm-none-eabi/lib/thumb/v7e-m+fp/hard\libc_nano.a(lib_a-fwalk.o)
                0x0000000008007546                _fwalk_reent
 .text.__libc_init_array
                0x0000000008007584       0x48 d:/minor/stm32cubeide_1.10.1/stm32cubeide/plugins/com.st.stm32cube.ide.mcu.externaltools.gnu-tools-for-stm32.10.3-2021.10.win32_1.0.0.202111181127/tools/bin/../lib/gcc/arm-none-eabi/10.3.1/../../../../arm-none-eabi/lib/thumb/v7e-m+fp/hard\libc_nano.a(lib_a-init.o)
                0x0000000008007584                __libc_init_array
 .text.__retarget_lock_init_recursive
                0x00000000080075cc        0x2 d:/minor/stm32cubeide_1.10.1/stm32cubeide/plugins/com.st.stm32cube.ide.mcu.externaltools.gnu-tools-for-stm32.10.3-2021.10.win32_1.0.0.202111181127/tools/bin/../lib/gcc/arm-none-eabi/10.3.1/../../../../arm-none-eabi/lib/thumb/v7e-m+fp/hard\libc_nano.a(lib_a-lock.o)
                0x00000000080075cc                __retarget_lock_init_recursive
 .text.__retarget_lock_acquire_recursive
                0x00000000080075ce        0x2 d:/minor/stm32cubeide_1.10.1/stm32cubeide/plugins/com.st.stm32cube.ide.mcu.externaltools.gnu-tools-for-stm32.10.3-2021.10.win32_1.0.0.202111181127/tools/bin/../lib/gcc/arm-none-eabi/10.3.1/../../../../arm-none-eabi/lib/thumb/v7e-m+fp/hard\libc_nano.a(lib_a-lock.o)
                0x00000000080075ce                __retarget_lock_acquire_recursive
 .text.__retarget_lock_release_recursive
                0x00000000080075d0        0x2 d:/minor/stm32cubeide_1.10.1/stm32cubeide/plugins/com.st.stm32cube.ide.mcu.externaltools.gnu-tools-for-stm32.10.3-2021.10.win32_1.0.0.202111181127/tools/bin/../lib/gcc/arm-none-eabi/10.3.1/../../../../arm-none-eabi/lib/thumb/v7e-m+fp/hard\libc_nano.a(lib_a-lock.o)
                0x00000000080075d0                __retarget_lock_release_recursive
 .text.memcpy   0x00000000080075d2       0x1c d:/minor/stm32cubeide_1.10.1/stm32cubeide/plugins/com.st.stm32cube.ide.mcu.externaltools.gnu-tools-for-stm32.10.3-2021.10.win32_1.0.0.202111181127/tools/bin/../lib/gcc/arm-none-eabi/10.3.1/../../../../arm-none-eabi/lib/thumb/v7e-m+fp/hard\libc_nano.a(lib_a-memcpy-stub.o)
                0x00000000080075d2                memcpy
 .text.memset   0x00000000080075ee       0x10 d:/minor/stm32cubeide_1.10.1/stm32cubeide/plugins/com.st.stm32cube.ide.mcu.externaltools.gnu-tools-for-stm32.10.3-2021.10.win32_1.0.0.202111181127/tools/bin/../lib/gcc/arm-none-eabi/10.3.1/../../../../arm-none-eabi/lib/thumb/v7e-m+fp/hard\libc_nano.a(lib_a-memset.o)
                0x00000000080075ee                memset
 *fill*         0x00000000080075fe        0x2 
 .text._free_r  0x0000000008007600       0x98 d:/minor/stm32cubeide_1.10.1/stm32cubeide/plugins/com.st.stm32cube.ide.mcu.externaltools.gnu-tools-for-stm32.10.3-2021.10.win32_1.0.0.202111181127/tools/bin/../lib/gcc/arm-none-eabi/10.3.1/../../../../arm-none-eabi/lib/thumb/v7e-m+fp/hard\libc_nano.a(lib_a-nano-freer.o)
                0x0000000008007600                _free_r
 .text.sbrk_aligned
                0x0000000008007698       0x40 d:/minor/stm32cubeide_1.10.1/stm32cubeide/plugins/com.st.stm32cube.ide.mcu.externaltools.gnu-tools-for-stm32.10.3-2021.10.win32_1.0.0.202111181127/tools/bin/../lib/gcc/arm-none-eabi/10.3.1/../../../../arm-none-eabi/lib/thumb/v7e-m+fp/hard\libc_nano.a(lib_a-nano-mallocr.o)
 .text._malloc_r
                0x00000000080076d8       0xe8 d:/minor/stm32cubeide_1.10.1/stm32cubeide/plugins/com.st.stm32cube.ide.mcu.externaltools.gnu-tools-for-stm32.10.3-2021.10.win32_1.0.0.202111181127/tools/bin/../lib/gcc/arm-none-eabi/10.3.1/../../../../arm-none-eabi/lib/thumb/v7e-m+fp/hard\libc_nano.a(lib_a-nano-mallocr.o)
                0x00000000080076d8                _malloc_r
 .text._perror_r
                0x00000000080077c0      0x134 d:/minor/stm32cubeide_1.10.1/stm32cubeide/plugins/com.st.stm32cube.ide.mcu.externaltools.gnu-tools-for-stm32.10.3-2021.10.win32_1.0.0.202111181127/tools/bin/../lib/gcc/arm-none-eabi/10.3.1/../../../../arm-none-eabi/lib/thumb/v7e-m+fp/hard\libc_nano.a(lib_a-perror.o)
                0x00000000080077c0                _perror_r
 .text.perror   0x00000000080078f4       0x10 d:/minor/stm32cubeide_1.10.1/stm32cubeide/plugins/com.st.stm32cube.ide.mcu.externaltools.gnu-tools-for-stm32.10.3-2021.10.win32_1.0.0.202111181127/tools/bin/../lib/gcc/arm-none-eabi/10.3.1/../../../../arm-none-eabi/lib/thumb/v7e-m+fp/hard\libc_nano.a(lib_a-perror.o)
                0x00000000080078f4                perror
 .text.printf   0x0000000008007904       0x30 d:/minor/stm32cubeide_1.10.1/stm32cubeide/plugins/com.st.stm32cube.ide.mcu.externaltools.gnu-tools-for-stm32.10.3-2021.10.win32_1.0.0.202111181127/tools/bin/../lib/gcc/arm-none-eabi/10.3.1/../../../../arm-none-eabi/lib/thumb/v7e-m+fp/hard\libc_nano.a(lib_a-printf.o)
                0x0000000008007904                iprintf
                0x0000000008007904                printf
 .text.putchar  0x0000000008007934       0x2c d:/minor/stm32cubeide_1.10.1/stm32cubeide/plugins/com.st.stm32cube.ide.mcu.externaltools.gnu-tools-for-stm32.10.3-2021.10.win32_1.0.0.202111181127/tools/bin/../lib/gcc/arm-none-eabi/10.3.1/../../../../arm-none-eabi/lib/thumb/v7e-m+fp/hard\libc_nano.a(lib_a-putchar.o)
                0x0000000008007934                putchar
 .text.cleanup_glue
                0x0000000008007960       0x1a d:/minor/stm32cubeide_1.10.1/stm32cubeide/plugins/com.st.stm32cube.ide.mcu.externaltools.gnu-tools-for-stm32.10.3-2021.10.win32_1.0.0.202111181127/tools/bin/../lib/gcc/arm-none-eabi/10.3.1/../../../../arm-none-eabi/lib/thumb/v7e-m+fp/hard\libc_nano.a(lib_a-reent.o)
                0x0000000008007960                cleanup_glue
 *fill*         0x000000000800797a        0x2 
 .text._reclaim_reent
                0x000000000800797c       0xb8 d:/minor/stm32cubeide_1.10.1/stm32cubeide/plugins/com.st.stm32cube.ide.mcu.externaltools.gnu-tools-for-stm32.10.3-2021.10.win32_1.0.0.202111181127/tools/bin/../lib/gcc/arm-none-eabi/10.3.1/../../../../arm-none-eabi/lib/thumb/v7e-m+fp/hard\libc_nano.a(lib_a-reent.o)
                0x000000000800797c                _reclaim_reent
 .text._sbrk_r  0x0000000008007a34       0x20 d:/minor/stm32cubeide_1.10.1/stm32cubeide/plugins/com.st.stm32cube.ide.mcu.externaltools.gnu-tools-for-stm32.10.3-2021.10.win32_1.0.0.202111181127/tools/bin/../lib/gcc/arm-none-eabi/10.3.1/../../../../arm-none-eabi/lib/thumb/v7e-m+fp/hard\libc_nano.a(lib_a-sbrkr.o)
                0x0000000008007a34                _sbrk_r
 .text.scanf    0x0000000008007a54       0x30 d:/minor/stm32cubeide_1.10.1/stm32cubeide/plugins/com.st.stm32cube.ide.mcu.externaltools.gnu-tools-for-stm32.10.3-2021.10.win32_1.0.0.202111181127/tools/bin/../lib/gcc/arm-none-eabi/10.3.1/../../../../arm-none-eabi/lib/thumb/v7e-m+fp/hard\libc_nano.a(lib_a-scanf.o)
                0x0000000008007a54                scanf
                0x0000000008007a54                iscanf
 .text.__sread  0x0000000008007a84       0x22 d:/minor/stm32cubeide_1.10.1/stm32cubeide/plugins/com.st.stm32cube.ide.mcu.externaltools.gnu-tools-for-stm32.10.3-2021.10.win32_1.0.0.202111181127/tools/bin/../lib/gcc/arm-none-eabi/10.3.1/../../../../arm-none-eabi/lib/thumb/v7e-m+fp/hard\libc_nano.a(lib_a-stdio.o)
                0x0000000008007a84                __sread
 .text.__swrite
                0x0000000008007aa6       0x38 d:/minor/stm32cubeide_1.10.1/stm32cubeide/plugins/com.st.stm32cube.ide.mcu.externaltools.gnu-tools-for-stm32.10.3-2021.10.win32_1.0.0.202111181127/tools/bin/../lib/gcc/arm-none-eabi/10.3.1/../../../../arm-none-eabi/lib/thumb/v7e-m+fp/hard\libc_nano.a(lib_a-stdio.o)
                0x0000000008007aa6                __swrite
 .text.__sseek  0x0000000008007ade       0x24 d:/minor/stm32cubeide_1.10.1/stm32cubeide/plugins/com.st.stm32cube.ide.mcu.externaltools.gnu-tools-for-stm32.10.3-2021.10.win32_1.0.0.202111181127/tools/bin/../lib/gcc/arm-none-eabi/10.3.1/../../../../arm-none-eabi/lib/thumb/v7e-m+fp/hard\libc_nano.a(lib_a-stdio.o)
                0x0000000008007ade                __sseek
 .text.__sclose
                0x0000000008007b02        0x8 d:/minor/stm32cubeide_1.10.1/stm32cubeide/plugins/com.st.stm32cube.ide.mcu.externaltools.gnu-tools-for-stm32.10.3-2021.10.win32_1.0.0.202111181127/tools/bin/../lib/gcc/arm-none-eabi/10.3.1/../../../../arm-none-eabi/lib/thumb/v7e-m+fp/hard\libc_nano.a(lib_a-stdio.o)
                0x0000000008007b02                __sclose
 *fill*         0x0000000008007b0a        0x2 
 .text._strerror_r
                0x0000000008007b0c      0x3cc d:/minor/stm32cubeide_1.10.1/stm32cubeide/plugins/com.st.stm32cube.ide.mcu.externaltools.gnu-tools-for-stm32.10.3-2021.10.win32_1.0.0.202111181127/tools/bin/../lib/gcc/arm-none-eabi/10.3.1/../../../../arm-none-eabi/lib/thumb/v7e-m+fp/hard\libc_nano.a(lib_a-strerror.o)
                0x0000000008007b0c                _strerror_r
 .text.strerror
                0x0000000008007ed8       0x14 d:/minor/stm32cubeide_1.10.1/stm32cubeide/plugins/com.st.stm32cube.ide.mcu.externaltools.gnu-tools-for-stm32.10.3-2021.10.win32_1.0.0.202111181127/tools/bin/../lib/gcc/arm-none-eabi/10.3.1/../../../../arm-none-eabi/lib/thumb/v7e-m+fp/hard\libc_nano.a(lib_a-strerror.o)
                0x0000000008007ed8                strerror
 .text.strncpy  0x0000000008007eec       0x26 d:/minor/stm32cubeide_1.10.1/stm32cubeide/plugins/com.st.stm32cube.ide.mcu.externaltools.gnu-tools-for-stm32.10.3-2021.10.win32_1.0.0.202111181127/tools/bin/../lib/gcc/arm-none-eabi/10.3.1/../../../../arm-none-eabi/lib/thumb/v7e-m+fp/hard\libc_nano.a(lib_a-strncpy.o)
                0x0000000008007eec                strncpy
 .text._user_strerror
                0x0000000008007f12        0x4 d:/minor/stm32cubeide_1.10.1/stm32cubeide/plugins/com.st.stm32cube.ide.mcu.externaltools.gnu-tools-for-stm32.10.3-2021.10.win32_1.0.0.202111181127/tools/bin/../lib/gcc/arm-none-eabi/10.3.1/../../../../arm-none-eabi/lib/thumb/v7e-m+fp/hard\libc_nano.a(lib_a-u_strerr.o)
                0x0000000008007f12                _user_strerror
 *fill*         0x0000000008007f16        0x2 
 .text._write_r
                0x0000000008007f18       0x24 d:/minor/stm32cubeide_1.10.1/stm32cubeide/plugins/com.st.stm32cube.ide.mcu.externaltools.gnu-tools-for-stm32.10.3-2021.10.win32_1.0.0.202111181127/tools/bin/../lib/gcc/arm-none-eabi/10.3.1/../../../../arm-none-eabi/lib/thumb/v7e-m+fp/hard\libc_nano.a(lib_a-writer.o)
                0x0000000008007f18                _write_r
 .text._close_r
                0x0000000008007f3c       0x20 d:/minor/stm32cubeide_1.10.1/stm32cubeide/plugins/com.st.stm32cube.ide.mcu.externaltools.gnu-tools-for-stm32.10.3-2021.10.win32_1.0.0.202111181127/tools/bin/../lib/gcc/arm-none-eabi/10.3.1/../../../../arm-none-eabi/lib/thumb/v7e-m+fp/hard\libc_nano.a(lib_a-closer.o)
                0x0000000008007f3c                _close_r
 .text.fileno   0x0000000008007f5c       0x7c d:/minor/stm32cubeide_1.10.1/stm32cubeide/plugins/com.st.stm32cube.ide.mcu.externaltools.gnu-tools-for-stm32.10.3-2021.10.win32_1.0.0.202111181127/tools/bin/../lib/gcc/arm-none-eabi/10.3.1/../../../../arm-none-eabi/lib/thumb/v7e-m+fp/hard\libc_nano.a(lib_a-fileno.o)
                0x0000000008007f5c                fileno
 .text._lseek_r
                0x0000000008007fd8       0x24 d:/minor/stm32cubeide_1.10.1/stm32cubeide/plugins/com.st.stm32cube.ide.mcu.externaltools.gnu-tools-for-stm32.10.3-2021.10.win32_1.0.0.202111181127/tools/bin/../lib/gcc/arm-none-eabi/10.3.1/../../../../arm-none-eabi/lib/thumb/v7e-m+fp/hard\libc_nano.a(lib_a-lseekr.o)
                0x0000000008007fd8                _lseek_r
 .text.__malloc_lock
                0x0000000008007ffc        0xc d:/minor/stm32cubeide_1.10.1/stm32cubeide/plugins/com.st.stm32cube.ide.mcu.externaltools.gnu-tools-for-stm32.10.3-2021.10.win32_1.0.0.202111181127/tools/bin/../lib/gcc/arm-none-eabi/10.3.1/../../../../arm-none-eabi/lib/thumb/v7e-m+fp/hard\libc_nano.a(lib_a-mlock.o)
                0x0000000008007ffc                __malloc_lock
 .text.__malloc_unlock
                0x0000000008008008        0xc d:/minor/stm32cubeide_1.10.1/stm32cubeide/plugins/com.st.stm32cube.ide.mcu.externaltools.gnu-tools-for-stm32.10.3-2021.10.win32_1.0.0.202111181127/tools/bin/../lib/gcc/arm-none-eabi/10.3.1/../../../../arm-none-eabi/lib/thumb/v7e-m+fp/hard\libc_nano.a(lib_a-mlock.o)
                0x0000000008008008                __malloc_unlock
 .text.__sfputc_r
                0x0000000008008014       0x2e d:/minor/stm32cubeide_1.10.1/stm32cubeide/plugins/com.st.stm32cube.ide.mcu.externaltools.gnu-tools-for-stm32.10.3-2021.10.win32_1.0.0.202111181127/tools/bin/../lib/gcc/arm-none-eabi/10.3.1/../../../../arm-none-eabi/lib/thumb/v7e-m+fp/hard\libc_nano.a(lib_a-nano-vfprintf.o)
 .text.__sfputs_r
                0x0000000008008042       0x24 d:/minor/stm32cubeide_1.10.1/stm32cubeide/plugins/com.st.stm32cube.ide.mcu.externaltools.gnu-tools-for-stm32.10.3-2021.10.win32_1.0.0.202111181127/tools/bin/../lib/gcc/arm-none-eabi/10.3.1/../../../../arm-none-eabi/lib/thumb/v7e-m+fp/hard\libc_nano.a(lib_a-nano-vfprintf.o)
                0x0000000008008042                __sfputs_r
 *fill*         0x0000000008008066        0x2 
 .text._vfprintf_r
                0x0000000008008068      0x260 d:/minor/stm32cubeide_1.10.1/stm32cubeide/plugins/com.st.stm32cube.ide.mcu.externaltools.gnu-tools-for-stm32.10.3-2021.10.win32_1.0.0.202111181127/tools/bin/../lib/gcc/arm-none-eabi/10.3.1/../../../../arm-none-eabi/lib/thumb/v7e-m+fp/hard\libc_nano.a(lib_a-nano-vfprintf.o)
                0x0000000008008068                _vfprintf_r
                0x0000000008008068                _vfiprintf_r
 .text._printf_common
                0x00000000080082c8       0xda d:/minor/stm32cubeide_1.10.1/stm32cubeide/plugins/com.st.stm32cube.ide.mcu.externaltools.gnu-tools-for-stm32.10.3-2021.10.win32_1.0.0.202111181127/tools/bin/../lib/gcc/arm-none-eabi/10.3.1/../../../../arm-none-eabi/lib/thumb/v7e-m+fp/hard\libc_nano.a(lib_a-nano-vfprintf_i.o)
                0x00000000080082c8                _printf_common
 *fill*         0x00000000080083a2        0x2 
 .text._printf_i
                0x00000000080083a4      0x24c d:/minor/stm32cubeide_1.10.1/stm32cubeide/plugins/com.st.stm32cube.ide.mcu.externaltools.gnu-tools-for-stm32.10.3-2021.10.win32_1.0.0.202111181127/tools/bin/../lib/gcc/arm-none-eabi/10.3.1/../../../../arm-none-eabi/lib/thumb/v7e-m+fp/hard\libc_nano.a(lib_a-nano-vfprintf_i.o)
                0x00000000080083a4                _printf_i
 .text.__svfscanf_r
                0x00000000080085f0      0x34c d:/minor/stm32cubeide_1.10.1/stm32cubeide/plugins/com.st.stm32cube.ide.mcu.externaltools.gnu-tools-for-stm32.10.3-2021.10.win32_1.0.0.202111181127/tools/bin/../lib/gcc/arm-none-eabi/10.3.1/../../../../arm-none-eabi/lib/thumb/v7e-m+fp/hard\libc_nano.a(lib_a-nano-vfscanf.o)
                0x00000000080085f0                __svfscanf_r
                0x00000000080085f0                __svfiscanf_r
 .text._vfscanf_r
                0x000000000800893c       0x50 d:/minor/stm32cubeide_1.10.1/stm32cubeide/plugins/com.st.stm32cube.ide.mcu.externaltools.gnu-tools-for-stm32.10.3-2021.10.win32_1.0.0.202111181127/tools/bin/../lib/gcc/arm-none-eabi/10.3.1/../../../../arm-none-eabi/lib/thumb/v7e-m+fp/hard\libc_nano.a(lib_a-nano-vfscanf.o)
                0x000000000800893c                _vfscanf_r
                0x000000000800893c                _vfiscanf_r
 .text._scanf_chars
                0x000000000800898c       0xb4 d:/minor/stm32cubeide_1.10.1/stm32cubeide/plugins/com.st.stm32cube.ide.mcu.externaltools.gnu-tools-for-stm32.10.3-2021.10.win32_1.0.0.202111181127/tools/bin/../lib/gcc/arm-none-eabi/10.3.1/../../../../arm-none-eabi/lib/thumb/v7e-m+fp/hard\libc_nano.a(lib_a-nano-vfscanf_i.o)
                0x000000000800898c                _scanf_chars
 .text._scanf_i
                0x0000000008008a40      0x1f0 d:/minor/stm32cubeide_1.10.1/stm32cubeide/plugins/com.st.stm32cube.ide.mcu.externaltools.gnu-tools-for-stm32.10.3-2021.10.win32_1.0.0.202111181127/tools/bin/../lib/gcc/arm-none-eabi/10.3.1/../../../../arm-none-eabi/lib/thumb/v7e-m+fp/hard\libc_nano.a(lib_a-nano-vfscanf_i.o)
                0x0000000008008a40                _scanf_i
 .text._putc_r  0x0000000008008c30       0x90 d:/minor/stm32cubeide_1.10.1/stm32cubeide/plugins/com.st.stm32cube.ide.mcu.externaltools.gnu-tools-for-stm32.10.3-2021.10.win32_1.0.0.202111181127/tools/bin/../lib/gcc/arm-none-eabi/10.3.1/../../../../arm-none-eabi/lib/thumb/v7e-m+fp/hard\libc_nano.a(lib_a-putc.o)
                0x0000000008008c30                _putc_r
 .text._read_r  0x0000000008008cc0       0x24 d:/minor/stm32cubeide_1.10.1/stm32cubeide/plugins/com.st.stm32cube.ide.mcu.externaltools.gnu-tools-for-stm32.10.3-2021.10.win32_1.0.0.202111181127/tools/bin/../lib/gcc/arm-none-eabi/10.3.1/../../../../arm-none-eabi/lib/thumb/v7e-m+fp/hard\libc_nano.a(lib_a-readr.o)
                0x0000000008008cc0                _read_r
 .text.lflush   0x0000000008008ce4       0x12 d:/minor/stm32cubeide_1.10.1/stm32cubeide/plugins/com.st.stm32cube.ide.mcu.externaltools.gnu-tools-for-stm32.10.3-2021.10.win32_1.0.0.202111181127/tools/bin/../lib/gcc/arm-none-eabi/10.3.1/../../../../arm-none-eabi/lib/thumb/v7e-m+fp/hard\libc_nano.a(lib_a-refill.o)
 *fill*         0x0000000008008cf6        0x2 
 .text.__srefill_r
                0x0000000008008cf8      0x114 d:/minor/stm32cubeide_1.10.1/stm32cubeide/plugins/com.st.stm32cube.ide.mcu.externaltools.gnu-tools-for-stm32.10.3-2021.10.win32_1.0.0.202111181127/tools/bin/../lib/gcc/arm-none-eabi/10.3.1/../../../../arm-none-eabi/lib/thumb/v7e-m+fp/hard\libc_nano.a(lib_a-refill.o)
                0x0000000008008cf8                __srefill_r
 .text.__sccl   0x0000000008008e0c       0x70 d:/minor/stm32cubeide_1.10.1/stm32cubeide/plugins/com.st.stm32cube.ide.mcu.externaltools.gnu-tools-for-stm32.10.3-2021.10.win32_1.0.0.202111181127/tools/bin/../lib/gcc/arm-none-eabi/10.3.1/../../../../arm-none-eabi/lib/thumb/v7e-m+fp/hard\libc_nano.a(lib_a-sccl.o)
                0x0000000008008e0c                __sccl
 .text._strtol_l.constprop.0
                0x0000000008008e7c      0x104 d:/minor/stm32cubeide_1.10.1/stm32cubeide/plugins/com.st.stm32cube.ide.mcu.externaltools.gnu-tools-for-stm32.10.3-2021.10.win32_1.0.0.202111181127/tools/bin/../lib/gcc/arm-none-eabi/10.3.1/../../../../arm-none-eabi/lib/thumb/v7e-m+fp/hard\libc_nano.a(lib_a-strtol.o)
 .text._strtol_r
                0x0000000008008f80        0x4 d:/minor/stm32cubeide_1.10.1/stm32cubeide/plugins/com.st.stm32cube.ide.mcu.externaltools.gnu-tools-for-stm32.10.3-2021.10.win32_1.0.0.202111181127/tools/bin/../lib/gcc/arm-none-eabi/10.3.1/../../../../arm-none-eabi/lib/thumb/v7e-m+fp/hard\libc_nano.a(lib_a-strtol.o)
                0x0000000008008f80                _strtol_r
 .text._strtoul_l.constprop.0
                0x0000000008008f84       0xe4 d:/minor/stm32cubeide_1.10.1/stm32cubeide/plugins/com.st.stm32cube.ide.mcu.externaltools.gnu-tools-for-stm32.10.3-2021.10.win32_1.0.0.202111181127/tools/bin/../lib/gcc/arm-none-eabi/10.3.1/../../../../arm-none-eabi/lib/thumb/v7e-m+fp/hard\libc_nano.a(lib_a-strtoul.o)
 .text._strtoul_r
                0x0000000008009068        0x4 d:/minor/stm32cubeide_1.10.1/stm32cubeide/plugins/com.st.stm32cube.ide.mcu.externaltools.gnu-tools-for-stm32.10.3-2021.10.win32_1.0.0.202111181127/tools/bin/../lib/gcc/arm-none-eabi/10.3.1/../../../../arm-none-eabi/lib/thumb/v7e-m+fp/hard\libc_nano.a(lib_a-strtoul.o)
                0x0000000008009068                _strtoul_r
 .text.__submore
                0x000000000800906c       0x74 d:/minor/stm32cubeide_1.10.1/stm32cubeide/plugins/com.st.stm32cube.ide.mcu.externaltools.gnu-tools-for-stm32.10.3-2021.10.win32_1.0.0.202111181127/tools/bin/../lib/gcc/arm-none-eabi/10.3.1/../../../../arm-none-eabi/lib/thumb/v7e-m+fp/hard\libc_nano.a(lib_a-ungetc.o)
                0x000000000800906c                __submore
 .text._ungetc_r
                0x00000000080090e0      0x130 d:/minor/stm32cubeide_1.10.1/stm32cubeide/plugins/com.st.stm32cube.ide.mcu.externaltools.gnu-tools-for-stm32.10.3-2021.10.win32_1.0.0.202111181127/tools/bin/../lib/gcc/arm-none-eabi/10.3.1/../../../../arm-none-eabi/lib/thumb/v7e-m+fp/hard\libc_nano.a(lib_a-ungetc.o)
                0x00000000080090e0                _ungetc_r
 .text.__swbuf_r
                0x0000000008009210       0xa4 d:/minor/stm32cubeide_1.10.1/stm32cubeide/plugins/com.st.stm32cube.ide.mcu.externaltools.gnu-tools-for-stm32.10.3-2021.10.win32_1.0.0.202111181127/tools/bin/../lib/gcc/arm-none-eabi/10.3.1/../../../../arm-none-eabi/lib/thumb/v7e-m+fp/hard\libc_nano.a(lib_a-wbuf.o)
                0x0000000008009210                __swbuf_r
 .text.__swsetup_r
                0x00000000080092b4       0xdc d:/minor/stm32cubeide_1.10.1/stm32cubeide/plugins/com.st.stm32cube.ide.mcu.externaltools.gnu-tools-for-stm32.10.3-2021.10.win32_1.0.0.202111181127/tools/bin/../lib/gcc/arm-none-eabi/10.3.1/../../../../arm-none-eabi/lib/thumb/v7e-m+fp/hard\libc_nano.a(lib_a-wsetup.o)
                0x00000000080092b4                __swsetup_r
 .text.__swhatbuf_r
                0x0000000008009390       0x4a d:/minor/stm32cubeide_1.10.1/stm32cubeide/plugins/com.st.stm32cube.ide.mcu.externaltools.gnu-tools-for-stm32.10.3-2021.10.win32_1.0.0.202111181127/tools/bin/../lib/gcc/arm-none-eabi/10.3.1/../../../../arm-none-eabi/lib/thumb/v7e-m+fp/hard\libc_nano.a(lib_a-makebuf.o)
                0x0000000008009390                __swhatbuf_r
 *fill*         0x00000000080093da        0x2 
 .text.__smakebuf_r
                0x00000000080093dc       0x80 d:/minor/stm32cubeide_1.10.1/stm32cubeide/plugins/com.st.stm32cube.ide.mcu.externaltools.gnu-tools-for-stm32.10.3-2021.10.win32_1.0.0.202111181127/tools/bin/../lib/gcc/arm-none-eabi/10.3.1/../../../../arm-none-eabi/lib/thumb/v7e-m+fp/hard\libc_nano.a(lib_a-makebuf.o)
                0x00000000080093dc                __smakebuf_r
 .text._realloc_r
                0x000000000800945c       0x5e d:/minor/stm32cubeide_1.10.1/stm32cubeide/plugins/com.st.stm32cube.ide.mcu.externaltools.gnu-tools-for-stm32.10.3-2021.10.win32_1.0.0.202111181127/tools/bin/../lib/gcc/arm-none-eabi/10.3.1/../../../../arm-none-eabi/lib/thumb/v7e-m+fp/hard\libc_nano.a(lib_a-nano-reallocr.o)
                0x000000000800945c                _realloc_r
 *fill*         0x00000000080094ba        0x2 
 .text._fstat_r
                0x00000000080094bc       0x24 d:/minor/stm32cubeide_1.10.1/stm32cubeide/plugins/com.st.stm32cube.ide.mcu.externaltools.gnu-tools-for-stm32.10.3-2021.10.win32_1.0.0.202111181127/tools/bin/../lib/gcc/arm-none-eabi/10.3.1/../../../../arm-none-eabi/lib/thumb/v7e-m+fp/hard\libc_nano.a(lib_a-fstatr.o)
                0x00000000080094bc                _fstat_r
 .text._isatty_r
                0x00000000080094e0       0x20 d:/minor/stm32cubeide_1.10.1/stm32cubeide/plugins/com.st.stm32cube.ide.mcu.externaltools.gnu-tools-for-stm32.10.3-2021.10.win32_1.0.0.202111181127/tools/bin/../lib/gcc/arm-none-eabi/10.3.1/../../../../arm-none-eabi/lib/thumb/v7e-m+fp/hard\libc_nano.a(lib_a-isattyr.o)
                0x00000000080094e0                _isatty_r
 .text._malloc_usable_size_r
                0x0000000008009500       0x10 d:/minor/stm32cubeide_1.10.1/stm32cubeide/plugins/com.st.stm32cube.ide.mcu.externaltools.gnu-tools-for-stm32.10.3-2021.10.win32_1.0.0.202111181127/tools/bin/../lib/gcc/arm-none-eabi/10.3.1/../../../../arm-none-eabi/lib/thumb/v7e-m+fp/hard\libc_nano.a(lib_a-nano-msizer.o)
                0x0000000008009500                _malloc_usable_size_r
 *(.glue_7)
 .glue_7        0x0000000008009510        0x0 linker stubs
 *(.glue_7t)
 .glue_7t       0x0000000008009510        0x0 linker stubs
 *(.eh_frame)
 .eh_frame      0x0000000008009510        0x0 d:/minor/stm32cubeide_1.10.1/stm32cubeide/plugins/com.st.stm32cube.ide.mcu.externaltools.gnu-tools-for-stm32.10.3-2021.10.win32_1.0.0.202111181127/tools/bin/../lib/gcc/arm-none-eabi/10.3.1/thumb/v7e-m+fp/hard/crtbegin.o
 *(.init)
 .init          0x0000000008009510        0x4 d:/minor/stm32cubeide_1.10.1/stm32cubeide/plugins/com.st.stm32cube.ide.mcu.externaltools.gnu-tools-for-stm32.10.3-2021.10.win32_1.0.0.202111181127/tools/bin/../lib/gcc/arm-none-eabi/10.3.1/thumb/v7e-m+fp/hard/crti.o
                0x0000000008009510                _init
 .init          0x0000000008009514        0x8 d:/minor/stm32cubeide_1.10.1/stm32cubeide/plugins/com.st.stm32cube.ide.mcu.externaltools.gnu-tools-for-stm32.10.3-2021.10.win32_1.0.0.202111181127/tools/bin/../lib/gcc/arm-none-eabi/10.3.1/thumb/v7e-m+fp/hard/crtn.o
 *(.fini)
 .fini          0x000000000800951c        0x4 d:/minor/stm32cubeide_1.10.1/stm32cubeide/plugins/com.st.stm32cube.ide.mcu.externaltools.gnu-tools-for-stm32.10.3-2021.10.win32_1.0.0.202111181127/tools/bin/../lib/gcc/arm-none-eabi/10.3.1/thumb/v7e-m+fp/hard/crti.o
                0x000000000800951c                _fini
 .fini          0x0000000008009520        0x8 d:/minor/stm32cubeide_1.10.1/stm32cubeide/plugins/com.st.stm32cube.ide.mcu.externaltools.gnu-tools-for-stm32.10.3-2021.10.win32_1.0.0.202111181127/tools/bin/../lib/gcc/arm-none-eabi/10.3.1/thumb/v7e-m+fp/hard/crtn.o
                0x0000000008009528                . = ALIGN (0x4)
                0x0000000008009528                _etext = .

.vfp11_veneer   0x0000000008009528        0x0
 .vfp11_veneer  0x0000000008009528        0x0 linker stubs

.v4_bx          0x0000000008009528        0x0
 .v4_bx         0x0000000008009528        0x0 linker stubs

.iplt           0x0000000008009528        0x0
 .iplt          0x0000000008009528        0x0 d:/minor/stm32cubeide_1.10.1/stm32cubeide/plugins/com.st.stm32cube.ide.mcu.externaltools.gnu-tools-for-stm32.10.3-2021.10.win32_1.0.0.202111181127/tools/bin/../lib/gcc/arm-none-eabi/10.3.1/thumb/v7e-m+fp/hard/crtbegin.o

.rodata         0x0000000008009528      0x9f8
                0x0000000008009528                . = ALIGN (0x4)
 *(.rodata)
 .rodata        0x0000000008009528      0x132 ./Core/Src/main.o
 *fill*         0x000000000800965a        0x2 
 .rodata        0x000000000800965c        0x5 ./Middlewares/Third_Party/FreeRTOS/Source/tasks.o
 *fill*         0x0000000008009661        0x3 
 .rodata        0x0000000008009664        0xd ./Middlewares/Third_Party/FreeRTOS/Source/timers.o
 *fill*         0x0000000008009671        0x3 
 .rodata        0x0000000008009674       0x10 ./Middlewares/Third_Party/Lab-Project-FreeRTOS-POSIX-master/FreeRTOS-Plus-POSIX/source/FreeRTOS_POSIX_mqueue.o
 .rodata        0x0000000008009684        0x8 ./Middlewares/Third_Party/Lab-Project-FreeRTOS-POSIX-master/FreeRTOS-Plus-POSIX/source/FreeRTOS_POSIX_pthread.o
 .rodata        0x000000000800968c        0xc d:/minor/stm32cubeide_1.10.1/stm32cubeide/plugins/com.st.stm32cube.ide.mcu.externaltools.gnu-tools-for-stm32.10.3-2021.10.win32_1.0.0.202111181127/tools/bin/../lib/gcc/arm-none-eabi/10.3.1/../../../../arm-none-eabi/lib/thumb/v7e-m+fp/hard\libc_nano.a(lib_a-nano-vfscanf_i.o)
 *(.rodata*)
 .rodata.AHBPrescTable
                0x0000000008009698       0x10 ./Core/Src/system_stm32f4xx.o
                0x0000000008009698                AHBPrescTable
 .rodata.APBPrescTable
                0x00000000080096a8        0x8 ./Core/Src/system_stm32f4xx.o
                0x00000000080096a8                APBPrescTable
 .rodata.xDefaultThreadAttributes
                0x00000000080096b0        0x4 ./Middlewares/Third_Party/Lab-Project-FreeRTOS-POSIX-master/FreeRTOS-Plus-POSIX/source/FreeRTOS_POSIX_pthread.o
 .rodata._get_semihosting_exts.str1.1
                0x00000000080096b4       0x16 d:/minor/stm32cubeide_1.10.1/stm32cubeide/plugins/com.st.stm32cube.ide.mcu.externaltools.gnu-tools-for-stm32.10.3-2021.10.win32_1.0.0.202111181127/tools/bin/../lib/gcc/arm-none-eabi/10.3.1/../../../../arm-none-eabi/lib/thumb/v7e-m+fp/hard\librdimon_nano.a(rdimon-syscalls.o)
 .rodata.initialise_monitor_handles.str1.1
                0x00000000080096ca        0x4 d:/minor/stm32cubeide_1.10.1/stm32cubeide/plugins/com.st.stm32cube.ide.mcu.externaltools.gnu-tools-for-stm32.10.3-2021.10.win32_1.0.0.202111181127/tools/bin/../lib/gcc/arm-none-eabi/10.3.1/../../../../arm-none-eabi/lib/thumb/v7e-m+fp/hard\librdimon_nano.a(rdimon-syscalls.o)
 *fill*         0x00000000080096ce        0x2 
 .rodata.__sf_fake_stderr
                0x00000000080096d0       0x20 d:/minor/stm32cubeide_1.10.1/stm32cubeide/plugins/com.st.stm32cube.ide.mcu.externaltools.gnu-tools-for-stm32.10.3-2021.10.win32_1.0.0.202111181127/tools/bin/../lib/gcc/arm-none-eabi/10.3.1/../../../../arm-none-eabi/lib/thumb/v7e-m+fp/hard\libc_nano.a(lib_a-findfp.o)
                0x00000000080096d0                __sf_fake_stderr
 .rodata.__sf_fake_stdin
                0x00000000080096f0       0x20 d:/minor/stm32cubeide_1.10.1/stm32cubeide/plugins/com.st.stm32cube.ide.mcu.externaltools.gnu-tools-for-stm32.10.3-2021.10.win32_1.0.0.202111181127/tools/bin/../lib/gcc/arm-none-eabi/10.3.1/../../../../arm-none-eabi/lib/thumb/v7e-m+fp/hard\libc_nano.a(lib_a-findfp.o)
                0x00000000080096f0                __sf_fake_stdin
 .rodata.__sf_fake_stdout
                0x0000000008009710       0x20 d:/minor/stm32cubeide_1.10.1/stm32cubeide/plugins/com.st.stm32cube.ide.mcu.externaltools.gnu-tools-for-stm32.10.3-2021.10.win32_1.0.0.202111181127/tools/bin/../lib/gcc/arm-none-eabi/10.3.1/../../../../arm-none-eabi/lib/thumb/v7e-m+fp/hard\libc_nano.a(lib_a-findfp.o)
                0x0000000008009710                __sf_fake_stdout
 .rodata._global_impure_ptr
                0x0000000008009730        0x4 d:/minor/stm32cubeide_1.10.1/stm32cubeide/plugins/com.st.stm32cube.ide.mcu.externaltools.gnu-tools-for-stm32.10.3-2021.10.win32_1.0.0.202111181127/tools/bin/../lib/gcc/arm-none-eabi/10.3.1/../../../../arm-none-eabi/lib/thumb/v7e-m+fp/hard\libc_nano.a(lib_a-impure.o)
                0x0000000008009730                _global_impure_ptr
 .rodata._perror_r.str1.1
                0x0000000008009734        0x5 d:/minor/stm32cubeide_1.10.1/stm32cubeide/plugins/com.st.stm32cube.ide.mcu.externaltools.gnu-tools-for-stm32.10.3-2021.10.win32_1.0.0.202111181127/tools/bin/../lib/gcc/arm-none-eabi/10.3.1/../../../../arm-none-eabi/lib/thumb/v7e-m+fp/hard\libc_nano.a(lib_a-perror.o)
 .rodata._strerror_r.str1.1